Component: ARM Compiler 5.06 update 1 (build 61) Tool: armlink [4d35a8]

==============================================================================

Section Cross References

    startup_stm32f411xe.o(RESET) refers to startup_stm32f411xe.o(STACK) for __initial_sp
    startup_stm32f411xe.o(RESET) refers to startup_stm32f411xe.o(.text) for Reset_Handler
    startup_stm32f411xe.o(RESET) refers to stm32f4xx_it.o(i.NMI_Handler) for NMI_Handler
    startup_stm32f411xe.o(RESET) refers to stm32f4xx_it.o(i.HardFault_Handler) for HardFault_Handler
    startup_stm32f411xe.o(RESET) refers to stm32f4xx_it.o(i.MemManage_Handler) for MemManage_Handler
    startup_stm32f411xe.o(RESET) refers to stm32f4xx_it.o(i.BusFault_Handler) for BusFault_Handler
    startup_stm32f411xe.o(RESET) refers to stm32f4xx_it.o(i.UsageFault_Handler) for UsageFault_Handler
    startup_stm32f411xe.o(RESET) refers to stm32f4xx_it.o(i.SVC_Handler) for SVC_Handler
    startup_stm32f411xe.o(RESET) refers to stm32f4xx_it.o(i.DebugMon_Handler) for DebugMon_Handler
    startup_stm32f411xe.o(RESET) refers to stm32f4xx_it.o(i.PendSV_Handler) for PendSV_Handler
    startup_stm32f411xe.o(RESET) refers to stm32f4xx_it.o(i.SysTick_Handler) for SysTick_Handler
    startup_stm32f411xe.o(RESET) refers to stm32f4xx_it.o(i.USART6_IRQHandler) for USART6_IRQHandler
    startup_stm32f411xe.o(.text) refers to system_stm32f4xx.o(i.SystemInit) for SystemInit
    startup_stm32f411xe.o(.text) refers to entry.o(.ARM.Collect$$$$00000000) for __main
    cjson.o(i.add_item_to_object) refers to cjson.o(i.cJSON_strdup) for cJSON_strdup
    cjson.o(i.add_item_to_object) refers to cjson.o(i.add_item_to_array) for add_item_to_array
    cjson.o(i.cJSON_AddArrayToObject) refers to cjson.o(i.cJSON_CreateArray) for cJSON_CreateArray
    cjson.o(i.cJSON_AddArrayToObject) refers to cjson.o(i.add_item_to_object) for add_item_to_object
    cjson.o(i.cJSON_AddArrayToObject) refers to cjson.o(i.cJSON_Delete) for cJSON_Delete
    cjson.o(i.cJSON_AddArrayToObject) refers to cjson.o(.data) for .data
    cjson.o(i.cJSON_AddBoolToObject) refers to cjson.o(i.cJSON_CreateBool) for cJSON_CreateBool
    cjson.o(i.cJSON_AddBoolToObject) refers to cjson.o(i.add_item_to_object) for add_item_to_object
    cjson.o(i.cJSON_AddBoolToObject) refers to cjson.o(i.cJSON_Delete) for cJSON_Delete
    cjson.o(i.cJSON_AddBoolToObject) refers to cjson.o(.data) for .data
    cjson.o(i.cJSON_AddFalseToObject) refers to cjson.o(i.cJSON_CreateFalse) for cJSON_CreateFalse
    cjson.o(i.cJSON_AddFalseToObject) refers to cjson.o(i.add_item_to_object) for add_item_to_object
    cjson.o(i.cJSON_AddFalseToObject) refers to cjson.o(i.cJSON_Delete) for cJSON_Delete
    cjson.o(i.cJSON_AddFalseToObject) refers to cjson.o(.data) for .data
    cjson.o(i.cJSON_AddItemReferenceToArray) refers to cjson.o(i.create_reference) for create_reference
    cjson.o(i.cJSON_AddItemReferenceToArray) refers to cjson.o(i.add_item_to_array) for add_item_to_array
    cjson.o(i.cJSON_AddItemReferenceToArray) refers to cjson.o(.data) for .data
    cjson.o(i.cJSON_AddItemReferenceToObject) refers to cjson.o(i.create_reference) for create_reference
    cjson.o(i.cJSON_AddItemReferenceToObject) refers to cjson.o(i.add_item_to_object) for add_item_to_object
    cjson.o(i.cJSON_AddItemReferenceToObject) refers to cjson.o(.data) for .data
    cjson.o(i.cJSON_AddItemToArray) refers to cjson.o(i.add_item_to_array) for add_item_to_array
    cjson.o(i.cJSON_AddItemToObject) refers to cjson.o(i.add_item_to_object) for add_item_to_object
    cjson.o(i.cJSON_AddItemToObject) refers to cjson.o(.data) for .data
    cjson.o(i.cJSON_AddItemToObjectCS) refers to cjson.o(i.add_item_to_object) for add_item_to_object
    cjson.o(i.cJSON_AddItemToObjectCS) refers to cjson.o(.data) for .data
    cjson.o(i.cJSON_AddNullToObject) refers to cjson.o(i.cJSON_CreateNull) for cJSON_CreateNull
    cjson.o(i.cJSON_AddNullToObject) refers to cjson.o(i.add_item_to_object) for add_item_to_object
    cjson.o(i.cJSON_AddNullToObject) refers to cjson.o(i.cJSON_Delete) for cJSON_Delete
    cjson.o(i.cJSON_AddNullToObject) refers to cjson.o(.data) for .data
    cjson.o(i.cJSON_AddNumberToObject) refers to cjson.o(i.cJSON_CreateNumber) for cJSON_CreateNumber
    cjson.o(i.cJSON_AddNumberToObject) refers to cjson.o(i.add_item_to_object) for add_item_to_object
    cjson.o(i.cJSON_AddNumberToObject) refers to cjson.o(i.cJSON_Delete) for cJSON_Delete
    cjson.o(i.cJSON_AddNumberToObject) refers to cjson.o(.data) for .data
    cjson.o(i.cJSON_AddObjectToObject) refers to cjson.o(i.cJSON_CreateObject) for cJSON_CreateObject
    cjson.o(i.cJSON_AddObjectToObject) refers to cjson.o(i.add_item_to_object) for add_item_to_object
    cjson.o(i.cJSON_AddObjectToObject) refers to cjson.o(i.cJSON_Delete) for cJSON_Delete
    cjson.o(i.cJSON_AddObjectToObject) refers to cjson.o(.data) for .data
    cjson.o(i.cJSON_AddRawToObject) refers to cjson.o(i.cJSON_CreateRaw) for cJSON_CreateRaw
[...]
    Removing stm32f4xx_hal_pwr.o(i.HAL_PWR_EnablePVD), (12 bytes).
    Removing stm32f4xx_hal_pwr.o(i.HAL_PWR_EnableSEVOnPend), (16 bytes).
    Removing stm32f4xx_hal_pwr.o(i.HAL_PWR_EnableSleepOnExit), (16 bytes).
    Removing stm32f4xx_hal_pwr.o(i.HAL_PWR_EnableWakeUpPin), (16 bytes).
    Removing stm32f4xx_hal_pwr.o(i.HAL_PWR_EnterSLEEPMode), (32 bytes).
    Removing stm32f4xx_hal_pwr.o(i.HAL_PWR_EnterSTANDBYMode), (32 bytes).
    Removing stm32f4xx_hal_pwr.o(i.HAL_PWR_EnterSTOPMode), (56 bytes).
    Removing stm32f4xx_hal_pwr.o(i.HAL_PWR_PVDCallback), (2 bytes).
    Removing stm32f4xx_hal_pwr.o(i.HAL_PWR_PVD_IRQHandler), (28 bytes).
    Removing stm32f4xx_hal_pwr_ex.o(.rev16_text), (4 bytes).
    Removing stm32f4xx_hal_pwr_ex.o(.revsh_text), (4 bytes).
    Removing stm32f4xx_hal_pwr_ex.o(.rrx_text), (6 bytes).
    Removing stm32f4xx_hal_pwr_ex.o(i.HAL_PWREx_ControlVoltageScaling), (176 bytes).
    Removing stm32f4xx_hal_pwr_ex.o(i.HAL_PWREx_DisableBkUpReg), (60 bytes).
    Removing stm32f4xx_hal_pwr_ex.o(i.HAL_PWREx_DisableFlashPowerDown), (12 bytes).
    Removing stm32f4xx_hal_pwr_ex.o(i.HAL_PWREx_DisableLowRegulatorLowVoltage), (12 bytes).
    Removing stm32f4xx_hal_pwr_ex.o(i.HAL_PWREx_DisableMainRegulatorLowVoltage), (12 bytes).
    Removing stm32f4xx_hal_pwr_ex.o(i.HAL_PWREx_EnableBkUpReg), (60 bytes).
    Removing stm32f4xx_hal_pwr_ex.o(i.HAL_PWREx_EnableFlashPowerDown), (12 bytes).
    Removing stm32f4xx_hal_pwr_ex.o(i.HAL_PWREx_EnableLowRegulatorLowVoltage), (12 bytes).
    Removing stm32f4xx_hal_pwr_ex.o(i.HAL_PWREx_EnableMainRegulatorLowVoltage), (12 bytes).
    Removing stm32f4xx_hal_pwr_ex.o(i.HAL_PWREx_GetVoltageRange), (16 bytes).
    Removing stm32f4xx_hal_cortex.o(.rev16_text), (4 bytes).
    Removing stm32f4xx_hal_cortex.o(.revsh_text), (4 bytes).
    Removing stm32f4xx_hal_cortex.o(.rrx_text), (6 bytes).
    Removing stm32f4xx_hal_cortex.o(i.HAL_MPU_ConfigRegion), (84 bytes).
    Removing stm32f4xx_hal_cortex.o(i.HAL_MPU_Disable), (28 bytes).
    Removing stm32f4xx_hal_cortex.o(i.HAL_MPU_Enable), (36 bytes).
    Removing stm32f4xx_hal_cortex.o(i.HAL_NVIC_ClearPendingIRQ), (26 bytes).
    Removing stm32f4xx_hal_cortex.o(i.HAL_NVIC_DisableIRQ), (34 bytes).
    Removing stm32f4xx_hal_cortex.o(i.HAL_NVIC_GetActive), (36 bytes).
    Removing stm32f4xx_hal_cortex.o(i.HAL_NVIC_GetPendingIRQ), (36 bytes).
    Removing stm32f4xx_hal_cortex.o(i.HAL_NVIC_GetPriority), (82 bytes).
    Removing stm32f4xx_hal_cortex.o(i.HAL_NVIC_GetPriorityGrouping), (16 bytes).
    Removing stm32f4xx_hal_cortex.o(i.HAL_NVIC_SetPendingIRQ), (26 bytes).
    Removing stm32f4xx_hal_cortex.o(i.HAL_NVIC_SystemReset), (36 bytes).
    Removing stm32f4xx_hal_cortex.o(i.HAL_SYSTICK_CLKSourceConfig), (24 bytes).
    Removing stm32f4xx_hal_cortex.o(i.HAL_SYSTICK_Callback), (2 bytes).
    Removing stm32f4xx_hal_cortex.o(i.HAL_SYSTICK_IRQHandler), (8 bytes).
    Removing stm32f4xx_hal.o(.rev16_text), (4 bytes).
    Removing stm32f4xx_hal.o(.revsh_text), (4 bytes).
    Removing stm32f4xx_hal.o(.rrx_text), (6 bytes).
    Removing stm32f4xx_hal.o(i.HAL_DBGMCU_DisableDBGSleepMode), (16 bytes).
    Removing stm32f4xx_hal.o(i.HAL_DBGMCU_DisableDBGStandbyMode), (16 bytes).
    Removing stm32f4xx_hal.o(i.HAL_DBGMCU_DisableDBGStopMode), (16 bytes).
    Removing stm32f4xx_hal.o(i.HAL_DBGMCU_EnableDBGSleepMode), (16 bytes).
    Removing stm32f4xx_hal.o(i.HAL_DBGMCU_EnableDBGStandbyMode), (16 bytes).
    Removing stm32f4xx_hal.o(i.HAL_DBGMCU_EnableDBGStopMode), (16 bytes).
    Removing stm32f4xx_hal.o(i.HAL_DeInit), (52 bytes).
    Removing stm32f4xx_hal.o(i.HAL_DisableCompensationCell), (12 bytes).
    Removing stm32f4xx_hal.o(i.HAL_EnableCompensationCell), (12 bytes).
    Removing stm32f4xx_hal.o(i.HAL_GetDEVID), (16 bytes).
    Removing stm32f4xx_hal.o(i.HAL_GetHalVersion), (8 bytes).
    Removing stm32f4xx_hal.o(i.HAL_GetREVID), (12 bytes).
    Removing stm32f4xx_hal.o(i.HAL_GetTickFreq), (12 bytes).
    Removing stm32f4xx_hal.o(i.HAL_GetTickPrio), (12 bytes).
    Removing stm32f4xx_hal.o(i.HAL_GetUIDw0), (12 bytes).
    Removing stm32f4xx_hal.o(i.HAL_GetUIDw1), (12 bytes).
    Removing stm32f4xx_hal.o(i.HAL_GetUIDw2), (12 bytes).
    Removing stm32f4xx_hal.o(i.HAL_MspDeInit), (2 bytes).
    Removing stm32f4xx_hal.o(i.HAL_MspInit), (2 bytes).
    Removing stm32f4xx_hal.o(i.HAL_ResumeTick), (14 bytes).
    Removing stm32f4xx_hal.o(i.HAL_SetTickFreq), (36 bytes).
    Removing stm32f4xx_hal.o(i.HAL_SuspendTick), (14 bytes).
    Removing stm32f4xx_hal_exti.o(.rev16_text), (4 bytes).
    Removing stm32f4xx_hal_exti.o(.revsh_text), (4 bytes).
    Removing stm32f4xx_hal_exti.o(.rrx_text), (6 bytes).
    Removing stm32f4xx_hal_exti.o(i.HAL_EXTI_ClearConfigLine), (108 bytes).
    Removing stm32f4xx_hal_exti.o(i.HAL_EXTI_ClearPending), (20 bytes).
    Removing stm32f4xx_hal_exti.o(i.HAL_EXTI_GenerateSWI), (20 bytes).
    Removing stm32f4xx_hal_exti.o(i.HAL_EXTI_GetConfigLine), (156 bytes).
    Removing stm32f4xx_hal_exti.o(i.HAL_EXTI_GetHandle), (12 bytes).
    Removing stm32f4xx_hal_exti.o(i.HAL_EXTI_GetPending), (24 bytes).
    Removing stm32f4xx_hal_exti.o(i.HAL_EXTI_IRQHandler), (36 bytes).
    Removing stm32f4xx_hal_exti.o(i.HAL_EXTI_RegisterCallback), (14 bytes).
    Removing stm32f4xx_hal_exti.o(i.HAL_EXTI_SetConfigLine), (168 bytes).
    Removing system_stm32f4xx.o(.rev16_text), (4 bytes).
    Removing system_stm32f4xx.o(.revsh_text), (4 bytes).
    Removing system_stm32f4xx.o(.rrx_text), (6 bytes).
    Removing system_stm32f4xx.o(i.SystemCoreClockUpdate), (124 bytes).
    Removing dflti.o(.text), (34 bytes).
    Removing f2d.o(.text), (38 bytes).

349 unused section(s) (total 18808 bytes) removed from the image.

==============================================================================

Image Symbol Table

    Local Symbols

    Symbol Name                              Value     Ov Type        Size  Object(Section)

    ../Core/Src/main.c                       0x00000000   Number         0  main.o ABSOLUTE
    ../Core/Src/stm32f4xx_hal_msp.c          0x00000000   Number         0  stm32f4xx_hal_msp.o ABSOLUTE
    ../Core/Src/stm32f4xx_it.c               0x00000000   Number         0  stm32f4xx_it.o ABSOLUTE
    ../Core/Src/system_stm32f4xx.c           0x00000000   Number         0  system_stm32f4xx.o ABSOLUTE
    ../Drivers/STM32F4xx_HAL_Driver/Src/stm32f4xx_hal.c 0x00000000   Number         0  stm32f4xx_hal.o ABSOLUTE
    ../Drivers/STM32F4xx_HAL_Driver/Src/stm32f4xx_hal_cortex.c 0x00000000   Number         0  stm32f4xx_hal_cortex.o ABSOLUTE
    ../Drivers/STM32F4xx_HAL_Driver/Src/stm32f4xx_hal_dma.c 0x00000000   Number         0  stm32f4xx_hal_dma.o ABSOLUTE
    ../Drivers/STM32F4xx_HAL_Driver/Src/stm32f4xx_hal_dma_ex.c 0x00000000   Number         0  stm32f4xx_hal_dma_ex.o ABSOLUTE
    ../Drivers/STM32F4xx_HAL_Driver/Src/stm32f4xx_hal_exti.c 0x00000000   Number         0  stm32f4xx_hal_exti.o ABSOLUTE
    ../Drivers/STM32F4xx_HAL_Driver/Src/stm32f4xx_hal_flash.c 0x00000000   Number         0  stm32f4xx_hal_flash.o ABSOLUTE
    ../Drivers/STM32F4xx_HAL_Driver/Src/stm32f4xx_hal_flash_ex.c 0x00000000   Number         0  stm32f4xx_hal_flash_ex.o ABSOLUTE
    ../Drivers/STM32F4xx_HAL_Driver/Src/stm32f4xx_hal_flash_ramfunc.c 0x00000000   Number         0  stm32f4xx_hal_flash_ramfunc.o ABSOLUTE
    ../Drivers/STM32F4xx_HAL_Driver/Src/stm32f4xx_hal_gpio.c 0x00000000   Number         0  stm32f4xx_hal_gpio.o ABSOLUTE
    ../Drivers/STM32F4xx_HAL_Driver/Src/stm32f4xx_hal_pwr.c 0x00000000   Number         0  stm32f4xx_hal_pwr.o ABSOLUTE
    ../Drivers/STM32F4xx_HAL_Driver/Src/stm32f4xx_hal_pwr_ex.c 0x00000000   Number         0  stm32f4xx_hal_pwr_ex.o ABSOLUTE
    ../Drivers/STM32F4xx_HAL_Driver/Src/stm32f4xx_hal_rcc.c 0x00000000   Number         0  stm32f4xx_hal_rcc.o ABSOLUTE
    ../Drivers/STM32F4xx_HAL_Driver/Src/stm32f4xx_hal_rcc_ex.c 0x00000000   Number         0  stm32f4xx_hal_rcc_ex.o ABSOLUTE
    ../Drivers/STM32F4xx_HAL_Driver/Src/stm32f4xx_hal_tim.c 0x00000000   Number         0  stm32f4xx_hal_tim.o ABSOLUTE
    ../Drivers/STM32F4xx_HAL_Driver/Src/stm32f4xx_hal_tim_ex.c 0x00000000   Number         0  stm32f4xx_hal_tim_ex.o ABSOLUTE
    ../Drivers/STM32F4xx_HAL_Driver/Src/stm32f4xx_hal_uart.c 0x00000000   Number         0  stm32f4xx_hal_uart.o ABSOLUTE
    ../clib/microlib/ctype/ctype.c           0x00000000   Number         0  ctype_o.o ABSOLUTE
    ../clib/microlib/ctype/ctype.c           0x00000000   Number         0  isprint_o.o ABSOLUTE
    ../clib/microlib/ctype/ctype.c           0x00000000   Number         0  islower_o.o ABSOLUTE
    ../clib/microlib/ctype/ctype.c           0x00000000   Number         0  ctype_c.o ABSOLUTE
    ../clib/microlib/ctype/ctype.c           0x00000000   Number         0  isdigit_o.o ABSOLUTE
    ../clib/microlib/ctype/ctype.c           0x00000000   Number         0  iscntrl_o.o ABSOLUTE
    ../clib/microlib/ctype/ctype.c           0x00000000   Number         0  isblank_o.o ABSOLUTE
    ../clib/microlib/ctype/ctype.c           0x00000000   Number         0  isalpha_o.o ABSOLUTE
    ../clib/microlib/ctype/ctype.c           0x00000000   Number         0  isalnum_o.o ABSOLUTE
    ../clib/microlib/ctype/ctype.c           0x00000000   Number         0  isspace_c.o ABSOLUTE
    ../clib/microlib/ctype/ctype.c           0x00000000   Number         0  isgraph_o.o ABSOLUTE
    ../clib/microlib/ctype/ctype.c           0x00000000   Number         0  ispunct_o.o ABSOLUTE
    ../clib/microlib/ctype/ctype.c           0x00000000   Number         0  isspace_o.o ABSOLUTE
    ../clib/microlib/ctype/ctype.c           0x00000000   Number         0  isupper_o.o ABSOLUTE
    ../clib/microlib/ctype/ctype.c           0x00000000   Number         0  isxdigit_o.o ABSOLUTE
    ../clib/microlib/ctype/tolower.c         0x00000000   Number         0  tolower.o ABSOLUTE
    ../clib/microlib/division.c              0x00000000   Number         0  uidiv.o ABSOLUTE
    ../clib/microlib/division.c              0x00000000   Number         0  uldiv.o ABSOLUTE
    ../clib/microlib/errno.c                 0x00000000   Number         0  errno.o ABSOLUTE
    ../clib/microlib/init/entry.s            0x00000000   Number         0  entry5.o ABSOLUTE
    ../clib/microlib/init/entry.s            0x00000000   Number         0  entry9b.o ABSOLUTE
    ../clib/microlib/init/entry.s            0x00000000   Number         0  entry2.o ABSOLUTE
    ../clib/microlib/init/entry.s            0x00000000   Number         0  entry8b.o ABSOLUTE
    ../clib/microlib/init/entry.s            0x00000000   Number         0  entry8a.o ABSOLUTE
    ../clib/microlib/init/entry.s            0x00000000   Number         0  entry11a.o ABSOLUTE
    ../clib/microlib/init/entry.s            0x00000000   Number         0  entry10b.o ABSOLUTE
    ../clib/microlib/init/entry.s            0x00000000   Number         0  entry9a.o ABSOLUTE
    ../clib/microlib/init/entry.s            0x00000000   Number         0  entry.o ABSOLUTE
    ../clib/microlib/init/entry.s            0x00000000   Number         0  entry11b.o ABSOLUTE
    ../clib/microlib/init/entry.s            0x00000000   Number         0  entry7b.o ABSOLUTE
    ../clib/microlib/init/entry.s            0x00000000   Number         0  entry10a.o ABSOLUTE
    ../clib/microlib/init/entry.s            0x00000000   Number         0  entry7a.o ABSOLUTE
    ../clib/microlib/longlong.c              0x00000000   Number         0  llushr.o ABSOLUTE
    ../clib/microlib/longlong.c              0x00000000   Number         0  llshl.o ABSOLUTE
    ../clib/microlib/longlong.c              0x00000000   Number         0  llsshr.o ABSOLUTE
    ../clib/microlib/malloc/malloc.c         0x00000000   Number         0  malloca.o ABSOLUTE
    ../clib/microlib/malloc/malloc.c         0x00000000   Number         0  malloc.o ABSOLUTE
    ../clib/microlib/malloc/malloc.c         0x00000000   Number         0  mallocr.o ABSOLUTE
    ../clib/microlib/malloc/malloc.c         0x00000000   Number         0  mallocra.o ABSOLUTE
    ../clib/microlib/malloc/mvars.c          0x00000000   Number         0  mvars.o ABSOLUTE
    ../clib/microlib/printf/printf.c         0x00000000   Number         0  printfb.o ABSOLUTE
    ../clib/microlib/printf/printf.c         0x00000000   Number         0  printf0.o ABSOLUTE
    ../clib/microlib/printf/printf.c         0x00000000   Number         0  printf1.o ABSOLUTE
    ../clib/microlib/printf/printf.c         0x00000000   Number         0  printf2.o ABSOLUTE
    ../clib/microlib/printf/printf.c         0x00000000   Number         0  printf3.o ABSOLUTE
    ../clib/microlib/printf/printf.c         0x00000000   Number         0  printf6.o ABSOLUTE
    ../clib/microlib/printf/printf.c         0x00000000   Number         0  printf4.o ABSOLUTE
    ../clib/microlib/printf/printf.c         0x00000000   Number         0  printf5.o ABSOLUTE
    ../clib/microlib/printf/printf.c         0x00000000   Number         0  printf7.o ABSOLUTE
    ../clib/microlib/printf/printf.c         0x00000000   Number         0  printf8.o ABSOLUTE
    ../clib/microlib/printf/printf.c         0x00000000   Number         0  printfa.o ABSOLUTE
    ../clib/microlib/printf/stubs.s          0x00000000   Number         0  stubs.o ABSOLUTE
    ../clib/microlib/stdio/streams.c         0x00000000   Number         0  stdout.o ABSOLUTE
    ../clib/microlib/stdlib/rand.c           0x00000000   Number         0  rand.o ABSOLUTE
    ../clib/microlib/string/memcpy.c         0x00000000   Number         0  memcpyb.o ABSOLUTE
    ../clib/microlib/string/memcpy.c         0x00000000   Number         0  memcpya.o ABSOLUTE
    ../clib/microlib/string/memset.c         0x00000000   Number         0  memseta.o ABSOLUTE
    ../clib/microlib/string/strcat.c         0x00000000   Number         0  strcat.o ABSOLUTE
    ../clib/microlib/string/strcmp.c         0x00000000   Number         0  strcmp.o ABSOLUTE
    ../clib/microlib/string/strcpy.c         0x00000000   Number         0  strcpy.o ABSOLUTE
    ../clib/microlib/string/strlen.c         0x00000000   Number         0  strlen.o ABSOLUTE
    ../clib/microlib/string/strncmp.c        0x00000000   Number         0  strncmp.o ABSOLUTE
    ../clib/microlib/string/strstr.c         0x00000000   Number         0  strstr.o ABSOLUTE
    ../clib/microlib/string/strtok.c         0x00000000   Number         0  strtok.o ABSOLUTE
    ../clib/microlib/string/strtok.c         0x00000000   Number         0  strtok_r.o ABSOLUTE
    ../clib/microlib/stubs.s                 0x00000000   Number         0  iusefp.o ABSOLUTE
    ../clib/scanf.c                          0x00000000   Number         0  strtol.o ABSOLUTE
    ../clib/scanf.c                          0x00000000   Number         0  __0sscanf.o ABSOLUTE
    ../clib/scanf.c                          0x00000000   Number         0  scanf_fp.o ABSOLUTE
    ../clib/scanf.c                          0x00000000   Number         0  atoi.o ABSOLUTE
    ../clib/scanf.c                          0x00000000   Number         0  _chval.o ABSOLUTE
    ../clib/scanf.c                          0x00000000   Number         0  scanf_char.o ABSOLUTE
    ../clib/scanf.c                          0x00000000   Number         0  _sgetc.o ABSOLUTE
    ../clib/scanf.c                          0x00000000   Number         0  strtod.o ABSOLUTE
    ../clib/scanf.c                          0x00000000   Number         0  _scanf.o ABSOLUTE
    ../clib/scanf.c                          0x00000000   Number         0  _strtoul.o ABSOLUTE
    ../fplib/microlib/d2f.c                  0x00000000   Number         0  d2f.o ABSOLUTE
    ../fplib/microlib/f2d.c                  0x00000000   Number         0  f2d.o ABSOLUTE
    ../fplib/microlib/fpadd.c                0x00000000   Number         0  dadd.o ABSOLUTE
    ../fplib/microlib/fpdiv.c                0x00000000   Number         0  ddiv.o ABSOLUTE
    ../fplib/microlib/fpepilogue.c           0x00000000   Number         0  depilogue.o ABSOLUTE
    ../fplib/microlib/fpepilogue.c           0x00000000   Number         0  fepilogue.o ABSOLUTE
    ../fplib/microlib/fpfix.c                0x00000000   Number         0  dfixul.o ABSOLUTE
    ../fplib/microlib/fpfix.c                0x00000000   Number         0  dfixi.o ABSOLUTE
    ../fplib/microlib/fpflt.c                0x00000000   Number         0  dfltul.o ABSOLUTE
    ../fplib/microlib/fpflt.c                0x00000000   Number         0  dflti.o ABSOLUTE
    ../fplib/microlib/fpmul.c                0x00000000   Number         0  dmul.o ABSOLUTE
    ../mathlib/fabs.c                        0x00000000   Number         0  fabs.o ABSOLUTE
    ../mathlib/strtod.c                      0x00000000   Number         0  strtod.o ABSOLUTE
    ..\Core\Src\main.c                       0x00000000   Number         0  main.o ABSOLUTE
    ..\Core\Src\stm32f4xx_hal_msp.c          0x00000000   Number         0  stm32f4xx_hal_msp.o ABSOLUTE
    ..\Core\Src\stm32f4xx_it.c               0x00000000   Number         0  stm32f4xx_it.o ABSOLUTE
    ..\Core\Src\system_stm32f4xx.c           0x00000000   Number         0  system_stm32f4xx.o ABSOLUTE
    ..\Drivers\STM32F4xx_HAL_Driver\Src\stm32f4xx_hal.c 0x00000000   Number         0  stm32f4xx_hal.o ABSOLUTE
    ..\Drivers\STM32F4xx_HAL_Driver\Src\stm32f4xx_hal_cortex.c 0x00000000   Number         0  stm32f4xx_hal_cortex.o ABSOLUTE
    ..\Drivers\STM32F4xx_HAL_Driver\Src\stm32f4xx_hal_dma.c 0x00000000   Number         0  stm32f4xx_hal_dma.o ABSOLUTE
    ..\Drivers\STM32F4xx_HAL_Driver\Src\stm32f4xx_hal_dma_ex.c 0x00000000   Number         0  stm32f4xx_hal_dma_ex.o ABSOLUTE
    ..\Drivers\STM32F4xx_HAL_Driver\Src\stm32f4xx_hal_exti.c 0x00000000   Number         0  stm32f4xx_hal_exti.o ABSOLUTE
    ..\Drivers\STM32F4xx_HAL_Driver\Src\stm32f4xx_hal_flash.c 0x00000000   Number         0  stm32f4xx_hal_flash.o ABSOLUTE
    ..\Drivers\STM32F4xx_HAL_Driver\Src\stm32f4xx_hal_flash_ex.c 0x00000000   Number         0  stm32f4xx_hal_flash_ex.o ABSOLUTE
    ..\Drivers\STM32F4xx_HAL_Driver\Src\stm32f4xx_hal_flash_ramfunc.c 0x00000000   Number         0  stm32f4xx_hal_flash_ramfunc.o ABSOLUTE
    ..\Drivers\STM32F4xx_HAL_Driver\Src\stm32f4xx_hal_gpio.c 0x00000000   Number         0  stm32f4xx_hal_gpio.o ABSOLUTE
    ..\Drivers\STM32F4xx_HAL_Driver\Src\stm32f4xx_hal_pwr.c 0x00000000   Number         0  stm32f4xx_hal_pwr.o ABSOLUTE
    ..\Drivers\STM32F4xx_HAL_Driver\Src\stm32f4xx_hal_pwr_ex.c 0x00000000   Number         0  stm32f4xx_hal_pwr_ex.o ABSOLUTE
    ..\Drivers\STM32F4xx_HAL_Driver\Src\stm32f4xx_hal_rcc.c 0x00000000   Number         0  stm32f4xx_hal_rcc.o ABSOLUTE
    ..\Drivers\STM32F4xx_HAL_Driver\Src\stm32f4xx_hal_rcc_ex.c 0x00000000   Number         0  stm32f4xx_hal_rcc_ex.o ABSOLUTE
    ..\Drivers\STM32F4xx_HAL_Driver\Src\stm32f4xx_hal_tim.c 0x00000000   Number         0  stm32f4xx_hal_tim.o ABSOLUTE
    ..\Drivers\STM32F4xx_HAL_Driver\Src\stm32f4xx_hal_tim_ex.c 0x00000000   Number         0  stm32f4xx_hal_tim_ex.o ABSOLUTE
    ..\Drivers\STM32F4xx_HAL_Driver\Src\stm32f4xx_hal_uart.c 0x00000000   Number         0  stm32f4xx_hal_uart.o ABSOLUTE
    ..\cJSON\cJSON.c                         0x00000000   Number         0  cjson.o ABSOLUTE
    cdcmple.s                                0x00000000   Number         0  cdcmple.o ABSOLUTE
    cdrcmple.s                               0x00000000   Number         0  cdrcmple.o ABSOLUTE
    dc.s                                     0x00000000   Number         0  dc.o ABSOLUTE
    handlers.s                               0x00000000   Number         0  handlers.o ABSOLUTE
    init.s                                   0x00000000   Number         0  init.o ABSOLUTE
    startup_stm32f411xe.s                    0x00000000   Number         0  startup_stm32f411xe.o ABSOLUTE
    RESET                                    0x08000000   Section      408  startup_stm32f411xe.o(RESET)
    .ARM.Collect$$$$00000000                 0x08000198   Section        0  entry.o(.ARM.Collect$$$$00000000)
    .ARM.Collect$$$$00000001                 0x08000198   Section        4  entry2.o(.ARM.Collect$$$$00000001)
    .ARM.Collect$$$$00000004                 0x0800019c   Section        4  entry5.o(.ARM.Collect$$$$00000004)
    .ARM.Collect$$$$00000008                 0x080001a0   Section        0  entry7b.o(.ARM.Collect$$$$00000008)
    .ARM.Collect$$$$0000000A                 0x080001a0   Section        0  entry8b.o(.ARM.Collect$$$$0000000A)
    .ARM.Collect$$$$0000000B                 0x080001a0   Section        8  entry9a.o(.ARM.Collect$$$$0000000B)
    .ARM.Collect$$$$0000000D                 0x080001a8   Section        0  entry10a.o(.ARM.Collect$$$$0000000D)
    .ARM.Collect$$$$0000000F                 0x080001a8   Section        0  entry11a.o(.ARM.Collect$$$$0000000F)
    .ARM.Collect$$$$00002712                 0x080001a8   Section        4  entry2.o(.ARM.Collect$$$$00002712)
    __lit__00000000                          0x080001a8   Data           4  entry2.o(.ARM.Collect$$$$00002712)
    .text                                    0x080001ac   Section       36  startup_stm32f411xe.o(.text)
    $v0                                      0x080001ac   Number         0  startup_stm32f411xe.o(.text)
    .text                                    0x080001d0   Section        0  uldiv.o(.text)
    .text                                    0x08000232   Section        0  tolower.o(.text)
    .text                                    0x08000240   Section        0  rand.o(.text)
    .text                                    0x08000264   Section        0  memcpya.o(.text)
    .text                                    0x08000288   Section        0  memseta.o(.text)
    .text                                    0x080002ac   Section        0  strcat.o(.text)
    .text                                    0x080002c4   Section        0  strstr.o(.text)
    .text                                    0x080002e8   Section        0  strlen.o(.text)
    .text                                    0x080002f6   Section        0  strcmp.o(.text)
    .text                                    0x08000312   Section        0  strncmp.o(.text)
    .text                                    0x08000330   Section        0  strtok.o(.text)
    .text                                    0x08000374   Section        0  scanf_fp.o(.text)
    _fp_value                                0x08000375   Thumb Code   256  scanf_fp.o(.text)
    .text                                    0x080006ac   Section        0  atoi.o(.text)
    .text                                    0x080006c6   Section        0  dadd.o(.text)
    .text                                    0x08000814   Section        0  dmul.o(.text)
    .text                                    0x080008f8   Section        0  dfixi.o(.text)
    .text                                    0x08000938   Section       48  cdcmple.o(.text)
    .text                                    0x08000968   Section       48  cdrcmple.o(.text)
    .text                                    0x08000998   Section        0  uidiv.o(.text)
    .text                                    0x080009c4   Section        0  llshl.o(.text)
    .text                                    0x080009e2   Section        0  llushr.o(.text)
    .text                                    0x08000a02   Section        0  llsshr.o(.text)
    .text                                    0x08000a26   Section        0  _sgetc.o(.text)
    .text                                    0x08000a68   Section        0  strtod.o(.text)
    _local_sscanf                            0x08000a69   Thumb Code    54  strtod.o(.text)
    .text                                    0x08000b04   Section        0  strtol.o(.text)
    .text                                    0x08000b74   Section        0  depilogue.o(.text)
    .text                                    0x08000b74   Section        0  iusefp.o(.text)
    .text                                    0x08000c2e   Section        0  ddiv.o(.text)
    .text                                    0x08000d0c   Section        0  dfltul.o(.text)
    .text                                    0x08000d24   Section        0  dfixul.o(.text)
    .text                                    0x08000d54   Section        0  d2f.o(.text)
    .text                                    0x08000d8c   Section       36  init.o(.text)
    .text                                    0x08000db0   Section        0  ctype_o.o(.text)
    .text                                    0x08000db8   Section        0  isspace_o.o(.text)
    .text                                    0x08000dca   Section        0  _strtoul.o(.text)
    .text                                    0x08000e68   Section        0  fepilogue.o(.text)
    .text                                    0x08000ed6   Section        0  _chval.o(.text)
    i.BusFault_Handler                       0x08000ef2   Section        0  stm32f4xx_it.o(i.BusFault_Handler)
    i.ChuongTrinhCamBien                     0x08000ef4   Section        0  main.o(i.ChuongTrinhCamBien)
    i.ClearBuffer_UART_ESP                   0x08000f14   Section        0  main.o(i.ClearBuffer_UART_ESP)
    i.ClearRespone                           0x08000f34   Section        0  main.o(i.ClearRespone)
    i.ConnectMQTT                            0x08000f54   Section        0  main.o(i.ConnectMQTT)
    i.DebugMon_Handler                       0x08001124   Section        0  stm32f4xx_it.o(i.DebugMon_Handler)
    i.HAL_DMA_Abort_IT                       0x08001126   Section        0  stm32f4xx_hal_dma.o(i.HAL_DMA_Abort_IT)
    i.HAL_Delay                              0x0800114c   Section        0  stm32f4xx_hal.o(i.HAL_Delay)
    i.HAL_GPIO_Init                          0x08001170   Section        0  stm32f4xx_hal_gpio.o(i.HAL_GPIO_Init)
    i.HAL_GPIO_TogglePin                     0x08001304   Section        0  stm32f4xx_hal_gpio.o(i.HAL_GPIO_TogglePin)
    i.HAL_GPIO_WritePin                      0x08001312   Section        0  stm32f4xx_hal_gpio.o(i.HAL_GPIO_WritePin)
    i.HAL_GetTick                            0x0800131c   Section        0  stm32f4xx_hal.o(i.HAL_GetTick)
    i.HAL_IncTick                            0x08001328   Section        0  stm32f4xx_hal.o(i.HAL_IncTick)
    i.HAL_Init                               0x08001338   Section        0  stm32f4xx_hal.o(i.HAL_Init)
    i.HAL_InitTick                           0x0800136c   Section        0  stm32f4xx_hal.o(i.HAL_InitTick)
    i.HAL_MspInit                            0x080013ac   Section        0  stm32f4xx_hal_msp.o(i.HAL_MspInit)
    i.HAL_NVIC_EnableIRQ                     0x080013dc   Section        0  stm32f4xx_hal_cortex.o(i.HAL_NVIC_EnableIRQ)
    i.HAL_NVIC_SetPriority                   0x080013f8   Section        0  stm32f4xx_hal_cortex.o(i.HAL_NVIC_SetPriority)
    i.HAL_NVIC_SetPriorityGrouping           0x08001438   Section        0  stm32f4xx_hal_cortex.o(i.HAL_NVIC_SetPriorityGrouping)
    i.HAL_RCC_ClockConfig                    0x0800145c   Section        0  stm32f4xx_hal_rcc.o(i.HAL_RCC_ClockConfig)
    i.HAL_RCC_GetPCLK1Freq                   0x08001590   Section        0  stm32f4xx_hal_rcc.o(i.HAL_RCC_GetPCLK1Freq)
    i.HAL_RCC_GetPCLK2Freq                   0x080015b0   Section        0  stm32f4xx_hal_rcc.o(i.HAL_RCC_GetPCLK2Freq)
    i.HAL_RCC_GetSysClockFreq                0x080015d0   Section        0  stm32f4xx_hal_rcc.o(i.HAL_RCC_GetSysClockFreq)
    i.HAL_RCC_OscConfig                      0x08001634   Section        0  stm32f4xx_hal_rcc.o(i.HAL_RCC_OscConfig)
    i.HAL_SYSTICK_Config                     0x08001990   Section        0  stm32f4xx_hal_cortex.o(i.HAL_SYSTICK_Config)
    i.HAL_UART_ErrorCallback                 0x080019b8   Section        0  stm32f4xx_hal_uart.o(i.HAL_UART_ErrorCallback)
    i.HAL_UART_IRQHandler                    0x080019bc   Section        0  stm32f4xx_hal_uart.o(i.HAL_UART_IRQHandler)
    i.HAL_UART_Init                          0x08001ad0   Section        0  stm32f4xx_hal_uart.o(i.HAL_UART_Init)
    i.HAL_UART_MspInit                       0x08001b34   Section        0  stm32f4xx_hal_msp.o(i.HAL_UART_MspInit)
    i.HAL_UART_Receive_IT                    0x08001bf8   Section        0  stm32f4xx_hal_uart.o(i.HAL_UART_Receive_IT)
    i.HAL_UART_RxCpltCallback                0x08001c4c   Section        0  main.o(i.HAL_UART_RxCpltCallback)
    i.HAL_UART_Transmit                      0x08001c8c   Section        0  stm32f4xx_hal_uart.o(i.HAL_UART_Transmit)
    i.HAL_UART_TxCpltCallback                0x08001d46   Section        0  stm32f4xx_hal_uart.o(i.HAL_UART_TxCpltCallback)
    i.HardFault_Handler                      0x08001d48   Section        0  stm32f4xx_it.o(i.HardFault_Handler)
    i.MX_GPIO_Init                           0x08001d4c   Section        0  main.o(i.MX_GPIO_Init)
    MX_GPIO_Init                             0x08001d4d   Thumb Code   118  main.o(i.MX_GPIO_Init)
    i.MemManage_Handler                      0x08001dcc   Section        0  stm32f4xx_it.o(i.MemManage_Handler)
    i.NMI_Handler                            0x08001dce   Section        0  stm32f4xx_it.o(i.NMI_Handler)
    i.ParseJson                              0x08001dd0   Section        0  main.o(i.ParseJson)
    i.PendSV_Handler                         0x08001f5c   Section        0  stm32f4xx_it.o(i.PendSV_Handler)
    i.Received_AT_Comands_ESP_MessageMQTT    0x08001f60   Section        0  main.o(i.Received_AT_Comands_ESP_MessageMQTT)
    i.Received_AT_Commands_ESP               0x08002090   Section        0  main.o(i.Received_AT_Commands_ESP)
    i.SVC_Handler                            0x080020a8   Section        0  stm32f4xx_it.o(i.SVC_Handler)
    i.SendData                               0x080020ac   Section        0  main.o(i.SendData)
    i.SendMQTT                               0x080022dc   Section        0  main.o(i.SendMQTT)
    i.Send_AT_Commands_ConnectMQTT           0x08002324   Section        0  main.o(i.Send_AT_Commands_ConnectMQTT)
    i.Send_AT_Commands_SendMessager          0x08002484   Section        0  main.o(i.Send_AT_Commands_SendMessager)
    i.Send_AT_Commands_Setting               0x080025dc   Section        0  main.o(i.Send_AT_Commands_Setting)
    i.SettingESP                             0x080026ec   Section        0  main.o(i.SettingESP)
    i.SysTick_Handler                        0x080027e4   Section        0  stm32f4xx_it.o(i.SysTick_Handler)
    i.SystemClock_Config                     0x080027e8   Section        0  main.o(i.SystemClock_Config)
    i.SystemInit                             0x08002868   Section        0  system_stm32f4xx.o(i.SystemInit)
    i.UART_DMAAbortOnError                   0x08002884   Section        0  stm32f4xx_hal_uart.o(i.UART_DMAAbortOnError)
    UART_DMAAbortOnError                     0x08002885   Thumb Code    16  stm32f4xx_hal_uart.o(i.UART_DMAAbortOnError)
    i.UART_EndRxTransfer                     0x08002894   Section        0  stm32f4xx_hal_uart.o(i.UART_EndRxTransfer)
    UART_EndRxTransfer                       0x08002895   Thumb Code    28  stm32f4xx_hal_uart.o(i.UART_EndRxTransfer)
    i.UART_Receive_IT                        0x080028b0   Section        0  stm32f4xx_hal_uart.o(i.UART_Receive_IT)
    UART_Receive_IT                          0x080028b1   Thumb Code   150  stm32f4xx_hal_uart.o(i.UART_Receive_IT)
    i.UART_SetConfig                         0x08002948   Section        0  stm32f4xx_hal_uart.o(i.UART_SetConfig)
    UART_SetConfig                           0x08002949   Thumb Code   286  stm32f4xx_hal_uart.o(i.UART_SetConfig)
    i.UART_Transmit_IT                       0x08002a70   Section        0  stm32f4xx_hal_uart.o(i.UART_Transmit_IT)
    UART_Transmit_IT                         0x08002a71   Thumb Code    98  stm32f4xx_hal_uart.o(i.UART_Transmit_IT)
    i.UART_WaitOnFlagUntilTimeout            0x08002ad2   Section        0  stm32f4xx_hal_uart.o(i.UART_WaitOnFlagUntilTimeout)
    UART_WaitOnFlagUntilTimeout              0x08002ad3   Thumb Code   100  stm32f4xx_hal_uart.o(i.UART_WaitOnFlagUntilTimeout)
    i.USART6_IRQHandler                      0x08002b38   Section        0  stm32f4xx_it.o(i.USART6_IRQHandler)
    i.UsageFault_Handler                     0x08002b44   Section        0  stm32f4xx_it.o(i.UsageFault_Handler)
    i.__0printf                              0x08002b48   Section        0  printfa.o(i.__0printf)
    i.__0snprintf                            0x08002b68   Section        0  printfa.o(i.__0snprintf)
    i.__0sprintf                             0x08002b90   Section        0  printfa.o(i.__0sprintf)
    i.__NVIC_SetPriority                     0x08002bb8   Section        0  stm32f4xx_hal_cortex.o(i.__NVIC_SetPriority)
    __NVIC_SetPriority                       0x08002bb9   Thumb Code    32  stm32f4xx_hal_cortex.o(i.__NVIC_SetPriority)
    i.__aeabi_errno_addr                     0x08002bd8   Section        0  errno.o(i.__aeabi_errno_addr)
    i.__free$realloc                         0x08002be0   Section        0  mallocr.o(i.__free$realloc)
    i.__hardfp_strtod                        0x08002c40   Section        0  strtod.o(i.__hardfp_strtod)
    i.__malloc$realloc                       0x08002c68   Section        0  mallocr.o(i.__malloc$realloc)
    i.__scatterload_copy                     0x08002cb8   Section       14  handlers.o(i.__scatterload_copy)
    i.__scatterload_null                     0x08002cc6   Section        2  handlers.o(i.__scatterload_null)
    i.__scatterload_zeroinit                 0x08002cc8   Section       14  handlers.o(i.__scatterload_zeroinit)
    i._fp_digits                             0x08002cd8   Section        0  printfa.o(i._fp_digits)
    _fp_digits                               0x08002cd9   Thumb Code   334  printfa.o(i._fp_digits)
    i._is_digit                              0x08002e3c   Section        0  scanf_fp.o(i._is_digit)
    i._printf_core                           0x08002e4c   Section        0  printfa.o(i._printf_core)
    _printf_core                             0x08002e4d   Thumb Code  1744  printfa.o(i._printf_core)
    i._printf_post_padding                   0x08003528   Section        0  printfa.o(i._printf_post_padding)
    _printf_post_padding                     0x08003529   Thumb Code    36  printfa.o(i._printf_post_padding)
    i._printf_pre_padding                    0x0800354c   Section        0  printfa.o(i._printf_pre_padding)
    _printf_pre_padding                      0x0800354d   Thumb Code    46  printfa.o(i._printf_pre_padding)
    i._snputc                                0x0800357a   Section        0  printfa.o(i._snputc)
    _snputc                                  0x0800357b   Thumb Code    22  printfa.o(i._snputc)
    i._sputc                                 0x08003590   Section        0  printfa.o(i._sputc)
    _sputc                                   0x08003591   Thumb Code    10  printfa.o(i._sputc)
    i.buffer_skip_whitespace                 0x0800359a   Section        0  cjson.o(i.buffer_skip_whitespace)
    buffer_skip_whitespace                   0x0800359b   Thumb Code    48  cjson.o(i.buffer_skip_whitespace)
    i.cJSON_Delete                           0x080035cc   Section        0  cjson.o(i.cJSON_Delete)
    i.cJSON_GetObjectItem                    0x08003614   Section        0  cjson.o(i.cJSON_GetObjectItem)
    i.cJSON_New_Item                         0x0800361a   Section        0  cjson.o(i.cJSON_New_Item)
    cJSON_New_Item                           0x0800361b   Thumb Code    22  cjson.o(i.cJSON_New_Item)
    i.cJSON_Parse                            0x08003630   Section        0  cjson.o(i.cJSON_Parse)
    i.cJSON_ParseWithLengthOpts              0x08003638   Section        0  cjson.o(i.cJSON_ParseWithLengthOpts)
    i.cJSON_ParseWithOpts                    0x08003714   Section        0  cjson.o(i.cJSON_ParseWithOpts)
    i.fputc                                  0x08003738   Section        0  main.o(i.fputc)
    i.get_object_item                        0x08003750   Section        0  cjson.o(i.get_object_item)
    get_object_item                          0x08003751   Thumb Code   122  cjson.o(i.get_object_item)
    i.internal_alloc                         0x080037cc   Section        0  mallocr.o(i.internal_alloc)
    internal_alloc                           0x080037cd   Thumb Code    76  mallocr.o(i.internal_alloc)
    i.main                                   0x0800381c   Section        0  main.o(i.main)
    i.parse_array                            0x080038ec   Section        0  cjson.o(i.parse_array)
    parse_array                              0x080038ed   Thumb Code   208  cjson.o(i.parse_array)
    i.parse_hex4                             0x080039bc   Section        0  cjson.o(i.parse_hex4)
    parse_hex4                               0x080039bd   Thumb Code    64  cjson.o(i.parse_hex4)
    i.parse_number                           0x080039fc   Section        0  cjson.o(i.parse_number)
    parse_number                             0x080039fd   Thumb Code   240  cjson.o(i.parse_number)
    i.parse_object                           0x08003afc   Section        0  cjson.o(i.parse_object)
    parse_object                             0x08003afd   Thumb Code   266  cjson.o(i.parse_object)
    i.parse_string                           0x08003c08   Section        0  cjson.o(i.parse_string)
    parse_string                             0x08003c09   Thumb Code   280  cjson.o(i.parse_string)
    i.parse_value                            0x08003d20   Section        0  cjson.o(i.parse_value)
    parse_value                              0x08003d21   Thumb Code   226  cjson.o(i.parse_value)
    i.realloc                                0x08003e1c   Section        0  mallocr.o(i.realloc)
    i.utf16_literal_to_utf8                  0x08003e88   Section        0  cjson.o(i.utf16_literal_to_utf8)
    utf16_literal_to_utf8                    0x08003e89   Thumb Code   210  cjson.o(i.utf16_literal_to_utf8)
    .constdata                               0x08003f5a   Section       16  system_stm32f4xx.o(.constdata)
    .constdata                               0x08003f6a   Section        8  system_stm32f4xx.o(.constdata)
    .constdata                               0x08003f72   Section      129  ctype_o.o(.constdata)
    .constdata                               0x08003ff4   Section        4  ctype_o.o(.constdata)
    table                                    0x08003ff4   Data           4  ctype_o.o(.constdata)
    .conststring                             0x08003ff8   Section       93  main.o(.conststring)
    .data                                    0x20000000   Section       20  cjson.o(.data)
    global_error                             0x20000000   Data           8  cjson.o(.data)
    global_hooks                             0x20000008   Data          12  cjson.o(.data)
    .data                                    0x20000014   Section       92  main.o(.data)
    .data                                    0x20000070   Section       12  stm32f4xx_hal.o(.data)
    .data                                    0x2000007c   Section        4  system_stm32f4xx.o(.data)
    .data                                    0x20000080   Section        4  rand.o(.data)
    _rand_state                              0x20000080   Data           4  rand.o(.data)
    .data                                    0x20000084   Section        4  strtok.o(.data)
    state                                    0x20000084   Data           4  strtok.o(.data)
    .data                                    0x20000088   Section        4  stdout.o(.data)
    .data                                    0x2000008c   Section        4  mvars.o(.data)
    .data                                    0x20000090   Section        4  mvars.o(.data)
    .data                                    0x20000094   Section        4  errno.o(.data)
    _errno                                   0x20000094   Data           4  errno.o(.data)
    .bss                                     0x20000098   Section      728  main.o(.bss)
    HEAP                                     0x20000370   Section      512  startup_stm32f411xe.o(HEAP)
    STACK                                    0x20000570   Section     1024  startup_stm32f411xe.o(STACK)

    Global Symbols

    Symbol Name                              Value     Ov Type        Size  Object(Section)

    BuildAttributes$$THM_ISAv4$E$P$D$K$B$S$7EM$VFPi3$EXTD16$VFPS$VFMA$PE$A:L22UL41UL21$X:L11$S22US41US21$IEEE1$IW$USESV6$~STKCKD$USESV7$~SHL$OTIME$ROPI$IEEEJ$EBA8$MICROLIB$REQ8$PRES8$EABIv2 0x00000000   Number         0  anon$$obj.o ABSOLUTE
    __ARM_use_no_argv                        0x00000000   Number         0  main.o ABSOLUTE
    _printf_a                                0x00000000   Number         0  stubs.o ABSOLUTE
    _printf_c                                0x00000000   Number         0  stubs.o ABSOLUTE
    _printf_charcount                        0x00000000   Number         0  stubs.o ABSOLUTE
    _printf_d                                0x00000000   Number         0  stubs.o ABSOLUTE
    _printf_e                                0x00000000   Number         0  stubs.o ABSOLUTE
    _printf_f                                0x00000000   Number         0  stubs.o ABSOLUTE
    _printf_flags                            0x00000000   Number         0  stubs.o ABSOLUTE
    _printf_fp_dec                           0x00000000   Number         0  stubs.o ABSOLUTE
    _printf_fp_hex                           0x00000000   Number         0  stubs.o ABSOLUTE
    _printf_g                                0x00000000   Number         0  stubs.o ABSOLUTE
    _printf_i                                0x00000000   Number         0  stubs.o ABSOLUTE
    _printf_int_dec                          0x00000000   Number         0  stubs.o ABSOLUTE
    _printf_l                                0x00000000   Number         0  stubs.o ABSOLUTE
    _printf_lc                               0x00000000   Number         0  stubs.o ABSOLUTE
    _printf_ll                               0x00000000   Number         0  stubs.o ABSOLUTE
    _printf_lld                              0x00000000   Number         0  stubs.o ABSOLUTE
    _printf_lli                              0x00000000   Number         0  stubs.o ABSOLUTE
    _printf_llo                              0x00000000   Number         0  stubs.o ABSOLUTE
    _printf_llu                              0x00000000   Number         0  stubs.o ABSOLUTE
    _printf_llx                              0x00000000   Number         0  stubs.o ABSOLUTE
    _printf_longlong_dec                     0x00000000   Number         0  stubs.o ABSOLUTE
    _printf_longlong_hex                     0x00000000   Number         0  stubs.o ABSOLUTE
    _printf_longlong_oct                     0x00000000   Number         0  stubs.o ABSOLUTE
    _printf_ls                               0x00000000   Number         0  stubs.o ABSOLUTE
    _printf_mbtowc                           0x00000000   Number         0  stubs.o ABSOLUTE
    _printf_n                                0x00000000   Number         0  stubs.o ABSOLUTE
    _printf_o                                0x00000000   Number         0  stubs.o ABSOLUTE
    _printf_p                                0x00000000   Number         0  stubs.o ABSOLUTE
    _printf_percent                          0x00000000   Number         0  stubs.o ABSOLUTE
    _printf_pre_padding                      0x00000000   Number         0  stubs.o ABSOLUTE
    _printf_return_value                     0x00000000   Number         0  stubs.o ABSOLUTE
    _printf_s                                0x00000000   Number         0  stubs.o ABSOLUTE
    _printf_sizespec                         0x00000000   Number         0  stubs.o ABSOLUTE
    _printf_str                              0x00000000   Number         0  stubs.o ABSOLUTE
    _printf_truncate_signed                  0x00000000   Number         0  stubs.o ABSOLUTE
    _printf_truncate_unsigned                0x00000000   Number         0  stubs.o ABSOLUTE
    _printf_u                                0x00000000   Number         0  stubs.o ABSOLUTE
    _printf_wc                               0x00000000   Number         0  stubs.o ABSOLUTE
    _printf_wctomb                           0x00000000   Number         0  stubs.o ABSOLUTE
    _printf_widthprec                        0x00000000   Number         0  stubs.o ABSOLUTE
    _printf_x                                0x00000000   Number         0  stubs.o ABSOLUTE
    __cpp_initialize__aeabi_                  - Undefined Weak Reference
    __cxa_finalize                            - Undefined Weak Reference
    __decompress                              - Undefined Weak Reference
    _clock_init                               - Undefined Weak Reference
    _microlib_exit                            - Undefined Weak Reference
    _scanf_int                                - Undefined Weak Reference
    _scanf_longlong                           - Undefined Weak Reference
    _scanf_string                             - Undefined Weak Reference
    __Vectors_Size                           0x00000198   Number         0  startup_stm32f411xe.o ABSOLUTE
    __Vectors                                0x08000000   Data           4  startup_stm32f411xe.o(RESET)
    __Vectors_End                            0x08000198   Data           0  startup_stm32f411xe.o(RESET)
    __main                                   0x08000199   Thumb Code     0  entry.o(.ARM.Collect$$$$00000000)
    _main_stk                                0x08000199   Thumb Code     0  entry2.o(.ARM.Collect$$$$00000001)
    _main_scatterload                        0x0800019d   Thumb Code     0  entry5.o(.ARM.Collect$$$$00000004)
    __main_after_scatterload                 0x080001a1   Thumb Code     0  entry5.o(.ARM.Collect$$$$00000004)
    _main_clock                              0x080001a1   Thumb Code     0  entry7b.o(.ARM.Collect$$$$00000008)
    _main_cpp_init                           0x080001a1   Thumb Code     0  entry8b.o(.ARM.Collect$$$$0000000A)
    _main_init                               0x080001a1   Thumb Code     0  entry9a.o(.ARM.Collect$$$$0000000B)
    __rt_final_cpp                           0x080001a9   Thumb Code     0  entry10a.o(.ARM.Collect$$$$0000000D)
    __rt_final_exit                          0x080001a9   Thumb Code     0  entry11a.o(.ARM.Collect$$$$0000000F)
    Reset_Handler                            0x080001ad   Thumb Code     8  startup_stm32f411xe.o(.text)
    ADC_IRQHandler                           0x080001c7   Thumb Code     0  startup_stm32f411xe.o(.text)
    DMA1_Stream0_IRQHandler                  0x080001c7   Thumb Code     0  startup_stm32f411xe.o(.text)
    DMA1_Stream1_IRQHandler                  0x080001c7   Thumb Code     0  startup_stm32f411xe.o(.text)
    DMA1_Stream2_IRQHandler                  0x080001c7   Thumb Code     0  startup_stm32f411xe.o(.text)
    DMA1_Stream3_IRQHandler                  0x080001c7   Thumb Code     0  startup_stm32f411xe.o(.text)
    DMA1_Stream4_IRQHandler                  0x080001c7   Thumb Code     0  startup_stm32f411xe.o(.text)
    DMA1_Stream5_IRQHandler                  0x080001c7   Thumb Code     0  startup_stm32f411xe.o(.text)
    DMA1_Stream6_IRQHandler                  0x080001c7   Thumb Code     0  startup_stm32f411xe.o(.text)
    DMA1_Stream7_IRQHandler                  0x080001c7   Thumb Code     0  startup_stm32f411xe.o(.text)
    DMA2_Stream0_IRQHandler                  0x080001c7   Thumb Code     0  startup_stm32f411xe.o(.text)
    DMA2_Stream1_IRQHandler                  0x080001c7   Thumb Code     0  startup_stm32f411xe.o(.text)
    DMA2_Stream2_IRQHandler                  0x080001c7   Thumb Code     0  startup_stm32f411xe.o(.text)
    DMA2_Stream3_IRQHandler                  0x080001c7   Thumb Code     0  startup_stm32f411xe.o(.text)
    DMA2_Stream4_IRQHandler                  0x080001c7   Thumb Code     0  startup_stm32f411xe.o(.text)
    DMA2_Stream5_IRQHandler                  0x080001c7   Thumb Code     0  startup_stm32f411xe.o(.text)
    DMA2_Stream6_IRQHandler                  0x080001c7   Thumb Code     0  startup_stm32f411xe.o(.text)
    DMA2_Stream7_IRQHandler                  0x080001c7   Thumb Code     0  startup_stm32f411xe.o(.text)
    EXTI0_IRQHandler                         0x080001c7   Thumb Code     0  startup_stm32f411xe.o(.text)
    EXTI15_10_IRQHandler                     0x080001c7   Thumb Code     0  startup_stm32f411xe.o(.text)
    EXTI1_IRQHandler                         0x080001c7   Thumb Code     0  startup_stm32f411xe.o(.text)
    EXTI2_IRQHandler                         0x080001c7   Thumb Code     0  startup_stm32f411xe.o(.text)
    EXTI3_IRQHandler                         0x080001c7   Thumb Code     0  startup_stm32f411xe.o(.text)
    EXTI4_IRQHandler                         0x080001c7   Thumb Code     0  startup_stm32f411xe.o(.text)
    EXTI9_5_IRQHandler                       0x080001c7   Thumb Code     0  startup_stm32f411xe.o(.text)
    FLASH_IRQHandler                         0x080001c7   Thumb Code     0  startup_stm32f411xe.o(.text)
    FPU_IRQHandler                           0x080001c7   Thumb Code     0  startup_stm32f411xe.o(.text)
    I2C1_ER_IRQHandler                       0x080001c7   Thumb Code     0  startup_stm32f411xe.o(.text)
    I2C1_EV_IRQHandler                       0x080001c7   Thumb Code     0  startup_stm32f411xe.o(.text)
    I2C2_ER_IRQHandler                       0x080001c7   Thumb Code     0  startup_stm32f411xe.o(.text)
    I2C2_EV_IRQHandler                       0x080001c7   Thumb Code     0  startup_stm32f411xe.o(.text)
    I2C3_ER_IRQHandler                       0x080001c7   Thumb Code     0  startup_stm32f411xe.o(.text)
    I2C3_EV_IRQHandler                       0x080001c7   Thumb Code     0  startup_stm32f411xe.o(.text)
    OTG_FS_IRQHandler                        0x080001c7   Thumb Code     0  startup_stm32f411xe.o(.text)
    OTG_FS_WKUP_IRQHandler                   0x080001c7   Thumb Code     0  startup_stm32f411xe.o(.text)
    PVD_IRQHandler                           0x080001c7   Thumb Code     0  startup_stm32f411xe.o(.text)
    RCC_IRQHandler                           0x080001c7   Thumb Code     0  startup_stm32f411xe.o(.text)
    RTC_Alarm_IRQHandler                     0x080001c7   Thumb Code     0  startup_stm32f411xe.o(.text)
    RTC_WKUP_IRQHandler                      0x080001c7   Thumb Code     0  startup_stm32f411xe.o(.text)
    SDIO_IRQHandler                          0x080001c7   Thumb Code     0  startup_stm32f411xe.o(.text)
    SPI1_IRQHandler                          0x080001c7   Thumb Code     0  startup_stm32f411xe.o(.text)
    SPI2_IRQHandler                          0x080001c7   Thumb Code     0  startup_stm32f411xe.o(.text)
    SPI3_IRQHandler                          0x080001c7   Thumb Code     0  startup_stm32f411xe.o(.text)
    SPI4_IRQHandler                          0x080001c7   Thumb Code     0  startup_stm32f411xe.o(.text)
    SPI5_IRQHandler                          0x080001c7   Thumb Code     0  startup_stm32f411xe.o(.text)
    TAMP_STAMP_IRQHandler                    0x080001c7   Thumb Code     0  startup_stm32f411xe.o(.text)
    TIM1_BRK_TIM9_IRQHandler                 0x080001c7   Thumb Code     0  startup_stm32f411xe.o(.text)
    TIM1_CC_IRQHandler                       0x080001c7   Thumb Code     0  startup_stm32f411xe.o(.text)
    TIM1_TRG_COM_TIM11_IRQHandler            0x080001c7   Thumb Code     0  startup_stm32f411xe.o(.text)
    TIM1_UP_TIM10_IRQHandler                 0x080001c7   Thumb Code     0  startup_stm32f411xe.o(.text)
    TIM2_IRQHandler                          0x080001c7   Thumb Code     0  startup_stm32f411xe.o(.text)
    TIM3_IRQHandler                          0x080001c7   Thumb Code     0  startup_stm32f411xe.o(.text)
    TIM4_IRQHandler                          0x080001c7   Thumb Code     0  startup_stm32f411xe.o(.text)
    TIM5_IRQHandler                          0x080001c7   Thumb Code     0  startup_stm32f411xe.o(.text)
    USART1_IRQHandler                        0x080001c7   Thumb Code     0  startup_stm32f411xe.o(.text)
    USART2_IRQHandler                        0x080001c7   Thumb Code     0  startup_stm32f411xe.o(.text)
    WWDG_IRQHandler                          0x080001c7   Thumb Code     0  startup_stm32f411xe.o(.text)
    __aeabi_uldivmod                         0x080001d1   Thumb Code    98  uldiv.o(.text)
    tolower                                  0x08000233   Thumb Code    12  tolower.o(.text)
    rand                                     0x08000241   Thumb Code    20  rand.o(.text)
    srand                                    0x08000255   Thumb Code     6  rand.o(.text)
    __aeabi_memcpy                           0x08000265   Thumb Code    36  memcpya.o(.text)
    __aeabi_memcpy4                          0x08000265   Thumb Code     0  memcpya.o(.text)
    __aeabi_memcpy8                          0x08000265   Thumb Code     0  memcpya.o(.text)
    __aeabi_memset                           0x08000289   Thumb Code    14  memseta.o(.text)
    __aeabi_memset4                          0x08000289   Thumb Code     0  memseta.o(.text)
    __aeabi_memset8                          0x08000289   Thumb Code     0  memseta.o(.text)
    __aeabi_memclr                           0x08000297   Thumb Code     4  memseta.o(.text)
    __aeabi_memclr4                          0x08000297   Thumb Code     0  memseta.o(.text)
    __aeabi_memclr8                          0x08000297   Thumb Code     0  memseta.o(.text)
    _memset$wrapper                          0x0800029b   Thumb Code    18  memseta.o(.text)
    strcat                                   0x080002ad   Thumb Code    24  strcat.o(.text)
    strstr                                   0x080002c5   Thumb Code    36  strstr.o(.text)
    strlen                                   0x080002e9   Thumb Code    14  strlen.o(.text)
    strcmp                                   0x080002f7   Thumb Code    28  strcmp.o(.text)
    strncmp                                  0x08000313   Thumb Code    30  strncmp.o(.text)
    strtok                                   0x08000331   Thumb Code    62  strtok.o(.text)
    _scanf_real                              0x08000475   Thumb Code     0  scanf_fp.o(.text)
    _scanf_really_real                       0x08000475   Thumb Code   556  scanf_fp.o(.text)
    atoi                                     0x080006ad   Thumb Code    26  atoi.o(.text)
    __aeabi_dadd                             0x080006c7   Thumb Code   322  dadd.o(.text)
    __aeabi_dsub                             0x08000809   Thumb Code     6  dadd.o(.text)
    __aeabi_drsub                            0x0800080f   Thumb Code     6  dadd.o(.text)
    __aeabi_dmul                             0x08000815   Thumb Code   228  dmul.o(.text)
    __aeabi_d2iz                             0x080008f9   Thumb Code    62  dfixi.o(.text)
    __aeabi_cdcmpeq                          0x08000939   Thumb Code     0  cdcmple.o(.text)
    __aeabi_cdcmple                          0x08000939   Thumb Code    48  cdcmple.o(.text)
    __aeabi_cdrcmple                         0x08000969   Thumb Code    48  cdrcmple.o(.text)
    __aeabi_uidiv                            0x08000999   Thumb Code     0  uidiv.o(.text)
    __aeabi_uidivmod                         0x08000999   Thumb Code    44  uidiv.o(.text)
    __aeabi_llsl                             0x080009c5   Thumb Code    30  llshl.o(.text)
    _ll_shift_l                              0x080009c5   Thumb Code     0  llshl.o(.text)
    __aeabi_llsr                             0x080009e3   Thumb Code    32  llushr.o(.text)
    _ll_ushift_r                             0x080009e3   Thumb Code     0  llushr.o(.text)
    __aeabi_lasr                             0x08000a03   Thumb Code    36  llsshr.o(.text)
    _ll_sshift_r                             0x08000a03   Thumb Code     0  llsshr.o(.text)
    _sgetc                                   0x08000a27   Thumb Code    30  _sgetc.o(.text)
    _sbackspace                              0x08000a45   Thumb Code    34  _sgetc.o(.text)
    __strtod_int                             0x08000a9f   Thumb Code    88  strtod.o(.text)
    strtol                                   0x08000b05   Thumb Code   112  strtol.o(.text)
    __I$use$fp                               0x08000b75   Thumb Code     0  iusefp.o(.text)
    _double_round                            0x08000b75   Thumb Code    30  depilogue.o(.text)
    _double_epilogue                         0x08000b93   Thumb Code   156  depilogue.o(.text)
    __aeabi_ddiv                             0x08000c2f   Thumb Code   222  ddiv.o(.text)
    __aeabi_ul2d                             0x08000d0d   Thumb Code    24  dfltul.o(.text)
    __aeabi_d2ulz                            0x08000d25   Thumb Code    48  dfixul.o(.text)
    __aeabi_d2f                              0x08000d55   Thumb Code    56  d2f.o(.text)
    __scatterload                            0x08000d8d   Thumb Code    28  init.o(.text)
    __scatterload_rt2                        0x08000d8d   Thumb Code     0  init.o(.text)
    __rt_ctype_table                         0x08000db1   Thumb Code     4  ctype_o.o(.text)
    isspace                                  0x08000db9   Thumb Code    18  isspace_o.o(.text)
    _strtoul                                 0x08000dcb   Thumb Code   158  _strtoul.o(.text)
    _float_round                             0x08000e69   Thumb Code    18  fepilogue.o(.text)
    _float_epilogue                          0x08000e7b   Thumb Code    92  fepilogue.o(.text)
    _chval                                   0x08000ed7   Thumb Code    28  _chval.o(.text)
    BusFault_Handler                         0x08000ef3   Thumb Code     2  stm32f4xx_it.o(i.BusFault_Handler)
    ChuongTrinhCamBien                       0x08000ef5   Thumb Code    26  main.o(i.ChuongTrinhCamBien)
    ClearBuffer_UART_ESP                     0x08000f15   Thumb Code    24  main.o(i.ClearBuffer_UART_ESP)
    ClearRespone                             0x08000f35   Thumb Code    22  main.o(i.ClearRespone)
    ConnectMQTT                              0x08000f55   Thumb Code   324  main.o(i.ConnectMQTT)
    DebugMon_Handler                         0x08001125   Thumb Code     2  stm32f4xx_it.o(i.DebugMon_Handler)
    HAL_DMA_Abort_IT                         0x08001127   Thumb Code    36  stm32f4xx_hal_dma.o(i.HAL_DMA_Abort_IT)
    HAL_Delay                                0x0800114d   Thumb Code    32  stm32f4xx_hal.o(i.HAL_Delay)
    HAL_GPIO_Init                            0x08001171   Thumb Code   370  stm32f4xx_hal_gpio.o(i.HAL_GPIO_Init)
    HAL_GPIO_TogglePin                       0x08001305   Thumb Code    14  stm32f4xx_hal_gpio.o(i.HAL_GPIO_TogglePin)
    HAL_GPIO_WritePin                        0x08001313   Thumb Code    10  stm32f4xx_hal_gpio.o(i.HAL_GPIO_WritePin)
    HAL_GetTick                              0x0800131d   Thumb Code     6  stm32f4xx_hal.o(i.HAL_GetTick)
    HAL_IncTick                              0x08001329   Thumb Code    12  stm32f4xx_hal.o(i.HAL_IncTick)
    HAL_Init                                 0x08001339   Thumb Code    48  stm32f4xx_hal.o(i.HAL_Init)
    HAL_InitTick                             0x0800136d   Thumb Code    54  stm32f4xx_hal.o(i.HAL_InitTick)
    HAL_MspInit                              0x080013ad   Thumb Code    42  stm32f4xx_hal_msp.o(i.HAL_MspInit)
    HAL_NVIC_EnableIRQ                       0x080013dd   Thumb Code    26  stm32f4xx_hal_cortex.o(i.HAL_NVIC_EnableIRQ)
    HAL_NVIC_SetPriority                     0x080013f9   Thumb Code    60  stm32f4xx_hal_cortex.o(i.HAL_NVIC_SetPriority)
    HAL_NVIC_SetPriorityGrouping             0x08001439   Thumb Code    26  stm32f4xx_hal_cortex.o(i.HAL_NVIC_SetPriorityGrouping)
    HAL_RCC_ClockConfig                      0x0800145d   Thumb Code   288  stm32f4xx_hal_rcc.o(i.HAL_RCC_ClockConfig)
    HAL_RCC_GetPCLK1Freq                     0x08001591   Thumb Code    20  stm32f4xx_hal_rcc.o(i.HAL_RCC_GetPCLK1Freq)
    HAL_RCC_GetPCLK2Freq                     0x080015b1   Thumb Code    20  stm32f4xx_hal_rcc.o(i.HAL_RCC_GetPCLK2Freq)
    HAL_RCC_GetSysClockFreq                  0x080015d1   Thumb Code    88  stm32f4xx_hal_rcc.o(i.HAL_RCC_GetSysClockFreq)
    HAL_RCC_OscConfig                        0x08001635   Thumb Code   840  stm32f4xx_hal_rcc.o(i.HAL_RCC_OscConfig)
    HAL_SYSTICK_Config                       0x08001991   Thumb Code    40  stm32f4xx_hal_cortex.o(i.HAL_SYSTICK_Config)
    HAL_UART_ErrorCallback                   0x080019b9   Thumb Code     2  stm32f4xx_hal_uart.o(i.HAL_UART_ErrorCallback)
    HAL_UART_IRQHandler                      0x080019bd   Thumb Code   270  stm32f4xx_hal_uart.o(i.HAL_UART_IRQHandler)
    HAL_UART_Init                            0x08001ad1   Thumb Code    98  stm32f4xx_hal_uart.o(i.HAL_UART_Init)
    HAL_UART_MspInit                         0x08001b35   Thumb Code   174  stm32f4xx_hal_msp.o(i.HAL_UART_MspInit)
    HAL_UART_Receive_IT                      0x08001bf9   Thumb Code    82  stm32f4xx_hal_uart.o(i.HAL_UART_Receive_IT)
    HAL_UART_RxCpltCallback                  0x08001c4d   Thumb Code    54  main.o(i.HAL_UART_RxCpltCallback)
    HAL_UART_Transmit                        0x08001c8d   Thumb Code   186  stm32f4xx_hal_uart.o(i.HAL_UART_Transmit)
    HAL_UART_TxCpltCallback                  0x08001d47   Thumb Code     2  stm32f4xx_hal_uart.o(i.HAL_UART_TxCpltCallback)
    HardFault_Handler                        0x08001d49   Thumb Code     2  stm32f4xx_it.o(i.HardFault_Handler)
    MemManage_Handler                        0x08001dcd   Thumb Code     2  stm32f4xx_it.o(i.MemManage_Handler)
    NMI_Handler                              0x08001dcf   Thumb Code     2  stm32f4xx_it.o(i.NMI_Handler)
    ParseJson                                0x08001dd1   Thumb Code   262  main.o(i.ParseJson)
    PendSV_Handler                           0x08001f5d   Thumb Code     2  stm32f4xx_it.o(i.PendSV_Handler)
    Received_AT_Comands_ESP_MessageMQTT      0x08001f61   Thumb Code   152  main.o(i.Received_AT_Comands_ESP_MessageMQTT)
    Received_AT_Commands_ESP                 0x08002091   Thumb Code    16  main.o(i.Received_AT_Commands_ESP)
    SVC_Handler                              0x080020a9   Thumb Code     2  stm32f4xx_it.o(i.SVC_Handler)
    SendData                                 0x080020ad   Thumb Code   412  main.o(i.SendData)
    SendMQTT                                 0x080022dd   Thumb Code    64  main.o(i.SendMQTT)
    Send_AT_Commands_ConnectMQTT             0x08002325   Thumb Code   230  main.o(i.Send_AT_Commands_ConnectMQTT)
    Send_AT_Commands_SendMessager            0x08002485   Thumb Code   228  main.o(i.Send_AT_Commands_SendMessager)
    Send_AT_Commands_Setting                 0x080025dd   Thumb Code   158  main.o(i.Send_AT_Commands_Setting)
    SettingESP                               0x080026ed   Thumb Code   132  main.o(i.SettingESP)
    SysTick_Handler                          0x080027e5   Thumb Code     4  stm32f4xx_it.o(i.SysTick_Handler)
    SystemClock_Config                       0x080027e9   Thumb Code   120  main.o(i.SystemClock_Config)
    SystemInit                               0x08002869   Thumb Code    22  system_stm32f4xx.o(i.SystemInit)
    USART6_IRQHandler                        0x08002b39   Thumb Code     6  stm32f4xx_it.o(i.USART6_IRQHandler)
    UsageFault_Handler                       0x08002b45   Thumb Code     2  stm32f4xx_it.o(i.UsageFault_Handler)
    __0printf                                0x08002b49   Thumb Code    22  printfa.o(i.__0printf)
    __1printf                                0x08002b49   Thumb Code     0  printfa.o(i.__0printf)
    __2printf                                0x08002b49   Thumb Code     0  printfa.o(i.__0printf)
    __c89printf                              0x08002b49   Thumb Code     0  printfa.o(i.__0printf)
    printf                                   0x08002b49   Thumb Code     0  printfa.o(i.__0printf)
    __0snprintf                              0x08002b69   Thumb Code    36  printfa.o(i.__0snprintf)
    __1snprintf                              0x08002b69   Thumb Code     0  printfa.o(i.__0snprintf)
    __2snprintf                              0x08002b69   Thumb Code     0  printfa.o(i.__0snprintf)
    __c89snprintf                            0x08002b69   Thumb Code     0  printfa.o(i.__0snprintf)
    snprintf                                 0x08002b69   Thumb Code     0  printfa.o(i.__0snprintf)
    __0sprintf                               0x08002b91   Thumb Code    34  printfa.o(i.__0sprintf)
    __1sprintf                               0x08002b91   Thumb Code     0  printfa.o(i.__0sprintf)
    __2sprintf                               0x08002b91   Thumb Code     0  printfa.o(i.__0sprintf)
    __c89sprintf                             0x08002b91   Thumb Code     0  printfa.o(i.__0sprintf)
    sprintf                                  0x08002b91   Thumb Code     0  printfa.o(i.__0sprintf)
    __aeabi_errno_addr                       0x08002bd9   Thumb Code     4  errno.o(i.__aeabi_errno_addr)
    __rt_errno_addr                          0x08002bd9   Thumb Code     0  errno.o(i.__aeabi_errno_addr)
    free                                     0x08002be1   Thumb Code    88  mallocr.o(i.__free$realloc)
    __hardfp_strtod                          0x08002c41   Thumb Code    30  strtod.o(i.__hardfp_strtod)
    malloc                                   0x08002c69   Thumb Code    64  mallocr.o(i.__malloc$realloc)
    __scatterload_copy                       0x08002cb9   Thumb Code    14  handlers.o(i.__scatterload_copy)
    __scatterload_null                       0x08002cc7   Thumb Code     2  handlers.o(i.__scatterload_null)
    __scatterload_zeroinit                   0x08002cc9   Thumb Code    14  handlers.o(i.__scatterload_zeroinit)
    _is_digit                                0x08002e3d   Thumb Code    14  scanf_fp.o(i._is_digit)
    cJSON_Delete                             0x080035cd   Thumb Code    66  cjson.o(i.cJSON_Delete)
    cJSON_GetObjectItem                      0x08003615   Thumb Code     6  cjson.o(i.cJSON_GetObjectItem)
    cJSON_Parse                              0x08003631   Thumb Code     8  cjson.o(i.cJSON_Parse)
    cJSON_ParseWithLengthOpts                0x08003639   Thumb Code   210  cjson.o(i.cJSON_ParseWithLengthOpts)
    cJSON_ParseWithOpts                      0x08003715   Thumb Code    34  cjson.o(i.cJSON_ParseWithOpts)
    fputc                                    0x08003739   Thumb Code    20  main.o(i.fputc)
    main                                     0x0800381d   Thumb Code   174  main.o(i.main)
    realloc                                  0x08003e1d   Thumb Code   102  mallocr.o(i.realloc)
    AHBPrescTable                            0x08003f5a   Data          16  system_stm32f4xx.o(.constdata)
    APBPrescTable                            0x08003f6a   Data           8  system_stm32f4xx.o(.constdata)
    __ctype_table                            0x08003f72   Data         129  ctype_o.o(.constdata)
    Region$$Table$$Base                      0x08004058   Number         0  anon$$obj.o(Region$$Table)
    Region$$Table$$Limit                     0x08004078   Number         0  anon$$obj.o(Region$$Table)
    rx_data1                                 0x20000014   Data           1  main.o(.data)
    rx_data2                                 0x20000015   Data           1  main.o(.data)
    rx_index1                                0x20000016   Data           1  main.o(.data)
    CheckConnect                             0x20000017   Data           1  main.o(.data)
    last                                     0x20000018   Data           4  main.o(.data)
    ND                                       0x2000001c   Data           4  main.o(.data)
    DA                                       0x20000020   Data           4  main.o(.data)
    TTTB1                                    0x20000024   Data           4  main.o(.data)
    TTTB2                                    0x20000028   Data           4  main.o(.data)
    C1                                       0x2000002c   Data           4  main.o(.data)
    C2                                       0x20000030   Data           4  main.o(.data)
    ConfigAt                                 0x20000034   Data           4  main.o(.data)
    ErrorCode                                0x20000038   Data           4  main.o(.data)
    mqtt_host                                0x2000003c   Data           4  main.o(.data)
    mqtt_port                                0x20000040   Data           4  main.o(.data)
    mqtt_user                                0x20000044   Data           4  main.o(.data)
    mqtt_pass                                0x20000048   Data           4  main.o(.data)
    mqtt_sub                                 0x2000004c   Data           4  main.o(.data)
    mqtt_pub                                 0x20000050   Data           4  main.o(.data)
    chedo                                    0x20000054   Data           4  main.o(.data)
    str_json                                 0x20000058   Data           4  main.o(.data)
    str_TB1                                  0x2000005c   Data           4  main.o(.data)
    str_TB2                                  0x20000060   Data           4  main.o(.data)
    str_C1                                   0x20000064   Data           4  main.o(.data)
    str_C2                                   0x20000068   Data           4  main.o(.data)
    rx_indexResponse                         0x2000006c   Data           4  main.o(.data)
    uwTickFreq                               0x20000070   Data           1  stm32f4xx_hal.o(.data)
    uwTickPrio                               0x20000074   Data           4  stm32f4xx_hal.o(.data)
    uwTick                                   0x20000078   Data           4  stm32f4xx_hal.o(.data)
    SystemCoreClock                          0x2000007c   Data           4  system_stm32f4xx.o(.data)
    __stdout                                 0x20000088   Data           4  stdout.o(.data)
    __microlib_freelist                      0x2000008c   Data           4  mvars.o(.data)
    __microlib_freelist_initialised          0x20000090   Data           4  mvars.o(.data)
    huart2                                   0x20000098   Data          64  main.o(.bss)
    huart6                                   0x200000d8   Data          64  main.o(.bss)
    rx_buffer1                               0x20000118   Data         100  main.o(.bss)
    ResponseRX                               0x2000017c   Data         500  main.o(.bss)
    __heap_base                              0x20000370   Data           0  startup_stm32f411xe.o(HEAP)
    __heap_limit                             0x20000570   Data           0  startup_stm32f411xe.o(HEAP)
    __initial_sp                             0x20000970   Data           0  startup_stm32f411xe.o(STACK)



==============================================================================

Memory Map of the image

  Image Entry point : 0x08000199

  Load Region LR_IROM1 (Base: 0x08000000, Size: 0x00004110, Max: 0x00080000, ABSOLUTE)

    Execution Region ER_IROM1 (Base: 0x08000000, Size: 0x00004078, Max: 0x00080000, ABSOLUTE)

    Base Addr    Size         Type   Attr      Idx    E Section Name        Object

    0x08000000   0x00000198   Data   RO            3    RESET               startup_stm32f411xe.o
    0x08000198   0x00000000   Code   RO         2623  * .ARM.Collect$$$$00000000  mc_w.l(entry.o)
    0x08000198   0x00000004   Code   RO         2968    .ARM.Collect$$$$00000001  mc_w.l(entry2.o)
    0x0800019c   0x00000004   Code   RO         2971    .ARM.Collect$$$$00000004  mc_w.l(entry5.o)
    0x080001a0   0x00000000   Code   RO         2973    .ARM.Collect$$$$00000008  mc_w.l(entry7b.o)
    0x080001a0   0x00000000   Code   RO         2975    .ARM.Collect$$$$0000000A  mc_w.l(entry8b.o)
    0x080001a0   0x00000008   Code   RO         2976    .ARM.Collect$$$$0000000B  mc_w.l(entry9a.o)
    0x080001a8   0x00000000   Code   RO         2978    .ARM.Collect$$$$0000000D  mc_w.l(entry10a.o)
    0x080001a8   0x00000000   Code   RO         2980    .ARM.Collect$$$$0000000F  mc_w.l(entry11a.o)
    0x080001a8   0x00000004   Code   RO         2969    .ARM.Collect$$$$00002712  mc_w.l(entry2.o)
    0x080001ac   0x00000024   Code   RO            4    .text               startup_stm32f411xe.o
    0x080001d0   0x00000062   Code   RO         2626    .text               mc_w.l(uldiv.o)
    0x08000232   0x0000000c   Code   RO         2628    .text               mc_w.l(tolower.o)
    0x0800023e   0x00000002   PAD
    0x08000240   0x00000024   Code   RO         2630    .text               mc_w.l(rand.o)
    0x08000264   0x00000024   Code   RO         2633    .text               mc_w.l(memcpya.o)
    0x08000288   0x00000024   Code   RO         2635    .text               mc_w.l(memseta.o)
    0x080002ac   0x00000018   Code   RO         2637    .text               mc_w.l(strcat.o)
    0x080002c4   0x00000024   Code   RO         2639    .text               mc_w.l(strstr.o)
    0x080002e8   0x0000000e   Code   RO         2641    .text               mc_w.l(strlen.o)
    0x080002f6   0x0000001c   Code   RO         2643    .text               mc_w.l(strcmp.o)
    0x08000312   0x0000001e   Code   RO         2647    .text               mc_w.l(strncmp.o)
    0x08000330   0x00000044   Code   RO         2649    .text               mc_w.l(strtok.o)
    0x08000374   0x00000338   Code   RO         2948    .text               mc_w.l(scanf_fp.o)
    0x080006ac   0x0000001a   Code   RO         2952    .text               mc_w.l(atoi.o)
    0x080006c6   0x0000014e   Code   RO         2954    .text               mf_w.l(dadd.o)
    0x08000814   0x000000e4   Code   RO         2956    .text               mf_w.l(dmul.o)
    0x080008f8   0x0000003e   Code   RO         2960    .text               mf_w.l(dfixi.o)
    0x08000936   0x00000002   PAD
    0x08000938   0x00000030   Code   RO         2964    .text               mf_w.l(cdcmple.o)
    0x08000968   0x00000030   Code   RO         2966    .text               mf_w.l(cdrcmple.o)
    0x08000998   0x0000002c   Code   RO         2983    .text               mc_w.l(uidiv.o)
    0x080009c4   0x0000001e   Code   RO         2985    .text               mc_w.l(llshl.o)
    0x080009e2   0x00000020   Code   RO         2987    .text               mc_w.l(llushr.o)
    0x08000a02   0x00000024   Code   RO         2989    .text               mc_w.l(llsshr.o)
    0x08000a26   0x00000040   Code   RO         3002    .text               mc_w.l(_sgetc.o)
    0x08000a66   0x00000002   PAD
    0x08000a68   0x0000009c   Code   RO         3004    .text               mc_w.l(strtod.o)
    0x08000b04   0x00000070   Code   RO         3006    .text               mc_w.l(strtol.o)
    0x08000b74   0x00000000   Code   RO         3008    .text               mc_w.l(iusefp.o)
    0x08000b74   0x000000ba   Code   RO         3009    .text               mf_w.l(depilogue.o)
    0x08000c2e   0x000000de   Code   RO         3011    .text               mf_w.l(ddiv.o)
    0x08000d0c   0x00000018   Code   RO         3013    .text               mf_w.l(dfltul.o)
    0x08000d24   0x00000030   Code   RO         3015    .text               mf_w.l(dfixul.o)
    0x08000d54   0x00000038   Code   RO         3017    .text               mf_w.l(d2f.o)
    0x08000d8c   0x00000024   Code   RO         3019    .text               mc_w.l(init.o)
    0x08000db0   0x00000008   Code   RO         3023    .text               mc_w.l(ctype_o.o)
    0x08000db8   0x00000012   Code   RO         3045    .text               mc_w.l(isspace_o.o)
    0x08000dca   0x0000009e   Code   RO         3053    .text               mc_w.l(_strtoul.o)
    0x08000e68   0x0000006e   Code   RO         3055    .text               mf_w.l(fepilogue.o)
    0x08000ed6   0x0000001c   Code   RO         3060    .text               mc_w.l(_chval.o)
    0x08000ef2   0x00000002   Code   RO          886    i.BusFault_Handler  stm32f4xx_it.o
    0x08000ef4   0x00000020   Code   RO          636    i.ChuongTrinhCamBien  main.o
    0x08000f14   0x00000020   Code   RO          637    i.ClearBuffer_UART_ESP  main.o
    0x08000f34   0x00000020   Code   RO          638    i.ClearRespone      main.o
    0x08000f54   0x000001d0   Code   RO          639    i.ConnectMQTT       main.o
    0x08001124   0x00000002   Code   RO          887    i.DebugMon_Handler  stm32f4xx_it.o
    0x08001126   0x00000024   Code   RO         1883    i.HAL_DMA_Abort_IT  stm32f4xx_hal_dma.o
    0x0800114a   0x00000002   PAD
    0x0800114c   0x00000024   Code   RO         2325    i.HAL_Delay         stm32f4xx_hal.o
    0x08001170   0x00000194   Code   RO         1775    i.HAL_GPIO_Init     stm32f4xx_hal_gpio.o
    0x08001304   0x0000000e   Code   RO         1778    i.HAL_GPIO_TogglePin  stm32f4xx_hal_gpio.o
    0x08001312   0x0000000a   Code   RO         1779    i.HAL_GPIO_WritePin  stm32f4xx_hal_gpio.o
    0x0800131c   0x0000000c   Code   RO         2331    i.HAL_GetTick       stm32f4xx_hal.o
    0x08001328   0x00000010   Code   RO         2337    i.HAL_IncTick       stm32f4xx_hal.o
    0x08001338   0x00000034   Code   RO         2338    i.HAL_Init          stm32f4xx_hal.o
    0x0800136c   0x00000040   Code   RO         2339    i.HAL_InitTick      stm32f4xx_hal.o
    0x080013ac   0x00000030   Code   RO          968    i.HAL_MspInit       stm32f4xx_hal_msp.o
    0x080013dc   0x0000001a   Code   RO         2188    i.HAL_NVIC_EnableIRQ  stm32f4xx_hal_cortex.o
    0x080013f6   0x00000002   PAD
    0x080013f8   0x00000040   Code   RO         2194    i.HAL_NVIC_SetPriority  stm32f4xx_hal_cortex.o
    0x08001438   0x00000024   Code   RO         2195    i.HAL_NVIC_SetPriorityGrouping  stm32f4xx_hal_cortex.o
    0x0800145c   0x00000134   Code   RO         1367    i.HAL_RCC_ClockConfig  stm32f4xx_hal_rcc.o
    0x08001590   0x00000020   Code   RO         1374    i.HAL_RCC_GetPCLK1Freq  stm32f4xx_hal_rcc.o
    0x080015b0   0x00000020   Code   RO         1375    i.HAL_RCC_GetPCLK2Freq  stm32f4xx_hal_rcc.o
    0x080015d0   0x00000064   Code   RO         1376    i.HAL_RCC_GetSysClockFreq  stm32f4xx_hal_rcc.o
    0x08001634   0x0000035c   Code   RO         1379    i.HAL_RCC_OscConfig  stm32f4xx_hal_rcc.o
    0x08001990   0x00000028   Code   RO         2199    i.HAL_SYSTICK_Config  stm32f4xx_hal_cortex.o
    0x080019b8   0x00000002   Code   RO         1061    i.HAL_UART_ErrorCallback  stm32f4xx_hal_uart.o
    0x080019ba   0x00000002   PAD
    0x080019bc   0x00000114   Code   RO         1064    i.HAL_UART_IRQHandler  stm32f4xx_hal_uart.o
    0x08001ad0   0x00000062   Code   RO         1065    i.HAL_UART_Init     stm32f4xx_hal_uart.o
    0x08001b32   0x00000002   PAD
    0x08001b34   0x000000c4   Code   RO          970    i.HAL_UART_MspInit  stm32f4xx_hal_msp.o
    0x08001bf8   0x00000052   Code   RO         1070    i.HAL_UART_Receive_IT  stm32f4xx_hal_uart.o
    0x08001c4a   0x00000002   PAD
    0x08001c4c   0x00000040   Code   RO          641    i.HAL_UART_RxCpltCallback  main.o
    0x08001c8c   0x000000ba   Code   RO         1073    i.HAL_UART_Transmit  stm32f4xx_hal_uart.o
    0x08001d46   0x00000002   Code   RO         1076    i.HAL_UART_TxCpltCallback  stm32f4xx_hal_uart.o
    0x08001d48   0x00000002   Code   RO          888    i.HardFault_Handler  stm32f4xx_it.o
    0x08001d4a   0x00000002   PAD
    0x08001d4c   0x00000080   Code   RO          642    i.MX_GPIO_Init      main.o
    0x08001dcc   0x00000002   Code   RO          889    i.MemManage_Handler  stm32f4xx_it.o
    0x08001dce   0x00000002   Code   RO          890    i.NMI_Handler       stm32f4xx_it.o
    0x08001dd0   0x0000018c   Code   RO          643    i.ParseJson         main.o
    0x08001f5c   0x00000002   Code   RO          891    i.PendSV_Handler    stm32f4xx_it.o
    0x08001f5e   0x00000002   PAD
    0x08001f60   0x00000130   Code   RO          644    i.Received_AT_Comands_ESP_MessageMQTT  main.o
    0x08002090   0x00000018   Code   RO          645    i.Received_AT_Commands_ESP  main.o
    0x080020a8   0x00000002   Code   RO          892    i.SVC_Handler       stm32f4xx_it.o
    0x080020aa   0x00000002   PAD
    0x080020ac   0x00000230   Code   RO          646    i.SendData          main.o
    0x080022dc   0x00000048   Code   RO          647    i.SendMQTT          main.o
    0x08002324   0x00000160   Code   RO          648    i.Send_AT_Commands_ConnectMQTT  main.o
    0x08002484   0x00000158   Code   RO          649    i.Send_AT_Commands_SendMessager  main.o
    0x080025dc   0x00000110   Code   RO          650    i.Send_AT_Commands_Setting  main.o
    0x080026ec   0x000000f8   Code   RO          651    i.SettingESP        main.o
    0x080027e4   0x00000004   Code   RO          893    i.SysTick_Handler   stm32f4xx_it.o
    0x080027e8   0x00000080   Code   RO          652    i.SystemClock_Config  main.o
    0x08002868   0x0000001c   Code   RO         2577    i.SystemInit        system_stm32f4xx.o
    0x08002884   0x00000010   Code   RO         1078    i.UART_DMAAbortOnError  stm32f4xx_hal_uart.o
    0x08002894   0x0000001c   Code   RO         1088    i.UART_EndRxTransfer  stm32f4xx_hal_uart.o
    0x080028b0   0x00000096   Code   RO         1090    i.UART_Receive_IT   stm32f4xx_hal_uart.o
    0x08002946   0x00000002   PAD
    0x08002948   0x00000128   Code   RO         1091    i.UART_SetConfig    stm32f4xx_hal_uart.o
    0x08002a70   0x00000062   Code   RO         1092    i.UART_Transmit_IT  stm32f4xx_hal_uart.o
    0x08002ad2   0x00000064   Code   RO         1093    i.UART_WaitOnFlagUntilTimeout  stm32f4xx_hal_uart.o
    0x08002b36   0x00000002   PAD
    0x08002b38   0x0000000c   Code   RO          894    i.USART6_IRQHandler  stm32f4xx_it.o
    0x08002b44   0x00000002   Code   RO          895    i.UsageFault_Handler  stm32f4xx_it.o
    0x08002b46   0x00000002   PAD
    0x08002b48   0x00000020   Code   RO         2890    i.__0printf         mc_w.l(printfa.o)
    0x08002b68   0x00000028   Code   RO         2891    i.__0snprintf       mc_w.l(printfa.o)
    0x08002b90   0x00000028   Code   RO         2892    i.__0sprintf        mc_w.l(printfa.o)
    0x08002bb8   0x00000020   Code   RO         2201    i.__NVIC_SetPriority  stm32f4xx_hal_cortex.o
    0x08002bd8   0x00000008   Code   RO         2993    i.__aeabi_errno_addr  mc_w.l(errno.o)
    0x08002be0   0x0000005c   Code   RO         2922    i.__free$realloc    mc_w.l(mallocr.o)
    0x08002c3c   0x00000004   PAD
    0x08002c40   0x00000028   Code   RO         2617    i.__hardfp_strtod   m_wm.l(strtod.o)
    0x08002c68   0x00000050   Code   RO         2923    i.__malloc$realloc  mc_w.l(mallocr.o)
    0x08002cb8   0x0000000e   Code   RO         3064    i.__scatterload_copy  mc_w.l(handlers.o)
    0x08002cc6   0x00000002   Code   RO         3065    i.__scatterload_null  mc_w.l(handlers.o)
    0x08002cc8   0x0000000e   Code   RO         3066    i.__scatterload_zeroinit  mc_w.l(handlers.o)
    0x08002cd6   0x00000002   PAD
    0x08002cd8   0x00000164   Code   RO         2897    i._fp_digits        mc_w.l(printfa.o)
    0x08002e3c   0x0000000e   Code   RO         2950    i._is_digit         mc_w.l(scanf_fp.o)
    0x08002e4a   0x00000002   PAD
    0x08002e4c   0x000006dc   Code   RO         2898    i._printf_core      mc_w.l(printfa.o)
    0x08003528   0x00000024   Code   RO         2899    i._printf_post_padding  mc_w.l(printfa.o)
    0x0800354c   0x0000002e   Code   RO         2900    i._printf_pre_padding  mc_w.l(printfa.o)
    0x0800357a   0x00000016   Code   RO         2901    i._snputc           mc_w.l(printfa.o)
    0x08003590   0x0000000a   Code   RO         2902    i._sputc            mc_w.l(printfa.o)
    0x0800359a   0x00000030   Code   RO           12    i.buffer_skip_whitespace  cjson.o
    0x080035ca   0x00000002   PAD
    0x080035cc   0x00000048   Code   RO           44    i.cJSON_Delete      cjson.o
    0x08003614   0x00000006   Code   RO           57    i.cJSON_GetObjectItem  cjson.o
    0x0800361a   0x00000016   Code   RO           74    i.cJSON_New_Item    cjson.o
    0x08003630   0x00000008   Code   RO           75    i.cJSON_Parse       cjson.o
    0x08003638   0x000000dc   Code   RO           77    i.cJSON_ParseWithLengthOpts  cjson.o
    0x08003714   0x00000022   Code   RO           78    i.cJSON_ParseWithOpts  cjson.o
    0x08003736   0x00000002   PAD
    0x08003738   0x00000018   Code   RO          653    i.fputc             main.o
    0x08003750   0x0000007a   Code   RO           97    i.get_object_item   cjson.o
    0x080037ca   0x00000002   PAD
    0x080037cc   0x00000050   Code   RO         2924    i.internal_alloc    mc_w.l(mallocr.o)
    0x0800381c   0x000000d0   Code   RO          654    i.main              main.o
    0x080038ec   0x000000d0   Code   RO           99    i.parse_array       cjson.o
    0x080039bc   0x00000040   Code   RO          100    i.parse_hex4        cjson.o
    0x080039fc   0x00000100   Code   RO          101    i.parse_number      cjson.o
    0x08003afc   0x0000010a   Code   RO          102    i.parse_object      cjson.o
    0x08003c06   0x00000002   PAD
    0x08003c08   0x00000118   Code   RO          103    i.parse_string      cjson.o
    0x08003d20   0x000000fc   Code   RO          104    i.parse_value       cjson.o
    0x08003e1c   0x0000006c   Code   RO         2925    i.realloc           mc_w.l(mallocr.o)
    0x08003e88   0x000000d2   Code   RO          113    i.utf16_literal_to_utf8  cjson.o
    0x08003f5a   0x00000010   Data   RO         2578    .constdata          system_stm32f4xx.o
    0x08003f6a   0x00000008   Data   RO         2579    .constdata          system_stm32f4xx.o
    0x08003f72   0x00000081   Data   RO         3024    .constdata          mc_w.l(ctype_o.o)
    0x08003ff3   0x00000001   PAD
    0x08003ff4   0x00000004   Data   RO         3025    .constdata          mc_w.l(ctype_o.o)
    0x08003ff8   0x0000005d   Data   RO          657    .conststring        main.o
    0x08004055   0x00000003   PAD
    0x08004058   0x00000020   Data   RO         3062    Region$$Table       anon$$obj.o


    Execution Region RW_IRAM1 (Base: 0x20000000, Size: 0x00000970, Max: 0x00020000, ABSOLUTE)

    Base Addr    Size         Type   Attr      Idx    E Section Name        Object

    0x20000000   0x00000014   Data   RW          115    .data               cjson.o
    0x20000014   0x0000005c   Data   RW          660    .data               main.o
    0x20000070   0x0000000c   Data   RW         2345    .data               stm32f4xx_hal.o
    0x2000007c   0x00000004   Data   RW         2580    .data               system_stm32f4xx.o
    0x20000080   0x00000004   Data   RW         2631    .data               mc_w.l(rand.o)
    0x20000084   0x00000004   Data   RW         2650    .data               mc_w.l(strtok.o)
    0x20000088   0x00000004   Data   RW         2982    .data               mc_w.l(stdout.o)
    0x2000008c   0x00000004   Data   RW         2991    .data               mc_w.l(mvars.o)
    0x20000090   0x00000004   Data   RW         2992    .data               mc_w.l(mvars.o)
    0x20000094   0x00000004   Data   RW         2996    .data               mc_w.l(errno.o)
    0x20000098   0x000002d8   Zero   RW          655    .bss                main.o
    0x20000370   0x00000200   Zero   RW            2    HEAP                startup_stm32f411xe.o
    0x20000570   0x00000400   Zero   RW            1    STACK               startup_stm32f411xe.o


==============================================================================

Image component sizes


      Code (inc. data)   RO Data    RW Data    ZI Data      Debug   Object Name

      2068         68          0         20          0      20032   cjson.o
      3684       1148         93         92        728     400735   main.o
        36          8        408          0       1536        836   startup_stm32f411xe.o
       180         28          0         12          0       9261   stm32f4xx_hal.o
       198         14          0          0          0      33935   stm32f4xx_hal_cortex.o
        36          0          0          0          0       1211   stm32f4xx_hal_dma.o
       428         34          0          0          0       2997   stm32f4xx_hal_gpio.o
       244         28          0          0          0       1737   stm32f4xx_hal_msp.o
      1332         76          0          0          0       5224   stm32f4xx_hal_rcc.o
      1334         16          0          0          0       9767   stm32f4xx_hal_uart.o
        32          6          0          0          0       4622   stm32f4xx_it.o
        28          6         24          4          0       1155   system_stm32f4xx.o

    ----------------------------------------------------------------------
      9630       1432        560        128       2264     491512   Object Totals
         0          0         32          0          0          0   (incl. Generated)
        30          0          3          0          0          0   (incl. Padding)

    ----------------------------------------------------------------------

      Code (inc. data)   RO Data    RW Data    ZI Data      Debug   Library Member Name

        40         10          0          0          0        128   strtod.o
        28          0          0          0          0         68   _chval.o
        64          0          0          0          0         84   _sgetc.o
       158          0          0          0          0         92   _strtoul.o
        26          0          0          0          0         80   atoi.o
         8          4        133          0          0         68   ctype_o.o
         0          0          0          0          0          0   entry.o
         0          0          0          0          0          0   entry10a.o
         0          0          0          0          0          0   entry11a.o
         8          4          0          0          0          0   entry2.o
         4          0          0          0          0          0   entry5.o
         0          0          0          0          0          0   entry7b.o
         0          0          0          0          0          0   entry8b.o
         8          4          0          0          0          0   entry9a.o
         8          4          0          4          0         68   errno.o
        30          0          0          0          0          0   handlers.o
        36          8          0          0          0         68   init.o
        18          0          0          0          0         76   isspace_o.o
         0          0          0          0          0          0   iusefp.o
        30          0          0          0          0         68   llshl.o
        36          0          0          0          0         68   llsshr.o
        32          0          0          0          0         68   llushr.o
       360         30          0          0          0        356   mallocr.o
        36          0          0          0          0         68   memcpya.o
        36          0          0          0          0        108   memseta.o
         0          0          0          8          0          0   mvars.o
      2338        100          0          0          0        748   printfa.o
        36         10          0          4          0        136   rand.o
       838         12          0          0          0        216   scanf_fp.o
         0          0          0          4          0          0   stdout.o
        24          0          0          0          0         68   strcat.o
        28          0          0          0          0         76   strcmp.o
        14          0          0          0          0         68   strlen.o
        30          0          0          0          0         80   strncmp.o
        36          0          0          0          0         80   strstr.o
       156         14          0          0          0        120   strtod.o
        68          6          0          4          0         80   strtok.o
       112          0          0          0          0         88   strtol.o
        12          0          0          0          0         68   tolower.o
        44          0          0          0          0         80   uidiv.o
        98          0          0          0          0         92   uldiv.o
        48          0          0          0          0         68   cdcmple.o
        48          0          0          0          0         68   cdrcmple.o
        56          0          0          0          0         88   d2f.o
       334          0          0          0          0        148   dadd.o
       222          0          0          0          0        100   ddiv.o
       186          0          0          0          0        176   depilogue.o
        62          0          0          0          0         80   dfixi.o
        48          0          0          0          0         68   dfixul.o
        24          0          0          0          0         76   dfltul.o
       228          0          0          0          0         96   dmul.o
       110          0          0          0          0        168   fepilogue.o

    ----------------------------------------------------------------------
      6180        210        134         24          0       4604   Library Totals
        14          4          1          0          0          0   (incl. Padding)

    ----------------------------------------------------------------------

      Code (inc. data)   RO Data    RW Data    ZI Data      Debug   Library Name

        40         10          0          0          0        128   m_wm.l
      4760        196        133         24          0       3340   mc_w.l
      1366          0          0          0          0       1136   mf_w.l

    ----------------------------------------------------------------------
      6180        210        134         24          0       4604   Library Totals

    ----------------------------------------------------------------------

==============================================================================


      Code (inc. data)   RO Data    RW Data    ZI Data      Debug   

     15810       1642        694        152       2264     486724   Grand Totals
     15810       1642        694        152       2264     486724   ELF Image Totals
     15810       1642        694        152          0          0   ROM Totals

==============================================================================

    Total RO  Size (Code + RO Data)                16504 (  16.12kB)
    Total RW  Size (RW Data + ZI Data)              2416 (   2.36kB)
    Total ROM Size (Code + RO Data + RW Data)      16656 (  16.27kB)

==============================================================================

